Archive member included to satisfy reference by file (symbol)

c:/program files (x86)/eclipse foundation/eclipse cdt/gnu tools arm embedded/8 2018-q4-major/bin/../lib/gcc/arm-none-eabi/8.2.1/../../../../arm-none-eabi/lib/thumb/v7e-m/nofp\libstdc++_nano.a(atexit_arm.o)
                              ./Startup_Code/console.o (__aeabi_atexit)
c:/program files (x86)/eclipse foundation/eclipse cdt/gnu tools arm embedded/8 2018-q4-major/bin/../lib/gcc/arm-none-eabi/8.2.1/../../../../arm-none-eabi/lib/thumb/v7e-m/nofp\libstdc++_nano.a(del_ops.o)
                              ./Startup_Code/console.o (operator delete(void*, unsigned int))
c:/program files (x86)/eclipse foundation/eclipse cdt/gnu tools arm embedded/8 2018-q4-major/bin/../lib/gcc/arm-none-eabi/8.2.1/../../../../arm-none-eabi/lib/thumb/v7e-m/nofp\libstdc++_nano.a(del_op.o)
                              c:/program files (x86)/eclipse foundation/eclipse cdt/gnu tools arm embedded/8 2018-q4-major/bin/../lib/gcc/arm-none-eabi/8.2.1/../../../../arm-none-eabi/lib/thumb/v7e-m/nofp\libstdc++_nano.a(del_ops.o) (operator delete(void*))
c:/program files (x86)/eclipse foundation/eclipse cdt/gnu tools arm embedded/8 2018-q4-major/bin/../lib/gcc/arm-none-eabi/8.2.1/../../../../arm-none-eabi/lib/thumb/v7e-m/nofp\libm.a(lib_a-s_round.o)
                              ./Sources/Generator.o (round)
c:/program files (x86)/eclipse foundation/eclipse cdt/gnu tools arm embedded/8 2018-q4-major/bin/../lib/gcc/arm-none-eabi/8.2.1/../../../../arm-none-eabi/lib/thumb/v7e-m/nofp\libm.a(lib_a-sf_rint.o)
                              ./Sources/Generator.o (rintf)
c:/program files (x86)/eclipse foundation/eclipse cdt/gnu tools arm embedded/8 2018-q4-major/bin/../lib/gcc/arm-none-eabi/8.2.1/../../../../arm-none-eabi/lib/thumb/v7e-m/nofp\libm.a(lib_a-sf_round.o)
                              ./Sources/delay.o (roundf)
c:/program files (x86)/eclipse foundation/eclipse cdt/gnu tools arm embedded/8 2018-q4-major/bin/../lib/gcc/arm-none-eabi/8.2.1/thumb/v7e-m/nofp\libgcc.a(_arm_addsubdf3.o)
                              c:/program files (x86)/eclipse foundation/eclipse cdt/gnu tools arm embedded/8 2018-q4-major/bin/../lib/gcc/arm-none-eabi/8.2.1/../../../../arm-none-eabi/lib/thumb/v7e-m/nofp\libm.a(lib_a-s_round.o) (__aeabi_dadd)
c:/program files (x86)/eclipse foundation/eclipse cdt/gnu tools arm embedded/8 2018-q4-major/bin/../lib/gcc/arm-none-eabi/8.2.1/thumb/v7e-m/nofp\libgcc.a(_arm_muldivdf3.o)
                              ./Sources/display_module.o (__aeabi_dmul)
c:/program files (x86)/eclipse foundation/eclipse cdt/gnu tools arm embedded/8 2018-q4-major/bin/../lib/gcc/arm-none-eabi/8.2.1/thumb/v7e-m/nofp\libgcc.a(_arm_fixunsdfsi.o)
                              ./Sources/Generator.o (__aeabi_d2uiz)
c:/program files (x86)/eclipse foundation/eclipse cdt/gnu tools arm embedded/8 2018-q4-major/bin/../lib/gcc/arm-none-eabi/8.2.1/thumb/v7e-m/nofp\libgcc.a(_arm_truncdfsf2.o)
                              ./Sources/Generator.o (__aeabi_d2f)
c:/program files (x86)/eclipse foundation/eclipse cdt/gnu tools arm embedded/8 2018-q4-major/bin/../lib/gcc/arm-none-eabi/8.2.1/thumb/v7e-m/nofp\libgcc.a(_arm_addsubsf3.o)
                              ./Sources/spi.o (__aeabi_fsub)
c:/program files (x86)/eclipse foundation/eclipse cdt/gnu tools arm embedded/8 2018-q4-major/bin/../lib/gcc/arm-none-eabi/8.2.1/thumb/v7e-m/nofp\libgcc.a(_arm_muldivsf3.o)
                              ./Sources/Generator.o (__aeabi_fmul)
c:/program files (x86)/eclipse foundation/eclipse cdt/gnu tools arm embedded/8 2018-q4-major/bin/../lib/gcc/arm-none-eabi/8.2.1/thumb/v7e-m/nofp\libgcc.a(_arm_cmpsf2.o)
                              ./Sources/spi.o (__aeabi_fcmplt)
c:/program files (x86)/eclipse foundation/eclipse cdt/gnu tools arm embedded/8 2018-q4-major/bin/../lib/gcc/arm-none-eabi/8.2.1/thumb/v7e-m/nofp\libgcc.a(_arm_fixsfsi.o)
                              ./Sources/delay.o (__aeabi_f2iz)
c:/program files (x86)/eclipse foundation/eclipse cdt/gnu tools arm embedded/8 2018-q4-major/bin/../lib/gcc/arm-none-eabi/8.2.1/thumb/v7e-m/nofp\libgcc.a(_arm_fixunssfsi.o)
                              ./Sources/jog_switch_debounce.o (__aeabi_f2uiz)
c:/program files (x86)/eclipse foundation/eclipse cdt/gnu tools arm embedded/8 2018-q4-major/bin/../lib/gcc/arm-none-eabi/8.2.1/thumb/v7e-m/nofp\libgcc.a(_aeabi_uldivmod.o)
                              ./Sources/delay.o (__aeabi_uldivmod)
c:/program files (x86)/eclipse foundation/eclipse cdt/gnu tools arm embedded/8 2018-q4-major/bin/../lib/gcc/arm-none-eabi/8.2.1/thumb/v7e-m/nofp\libgcc.a(_fixunssfdi.o)
                              ./Sources/Generator.o (__aeabi_f2ulz)
c:/program files (x86)/eclipse foundation/eclipse cdt/gnu tools arm embedded/8 2018-q4-major/bin/../lib/gcc/arm-none-eabi/8.2.1/thumb/v7e-m/nofp\libgcc.a(_udivmoddi4.o)
[...]
Memory Configuration

Name             Origin             Length             Attributes
bitband          0x22000000         0x02000000         rw
aips0            0x40000000         0x00080000         rw
aips1            0x40080000         0x0007f000         rw
gpio             0x400ff000         0x00001000         rw
gpioBitband      0x42000000         0x02000000         rw
peripherals      0xe0000000         0x00100000         rw
flexRAM          0x14000000         0x00000800         rw
flexNVM          0x10000000         0x00008000         xr
flash            0x00000000         0x00020000         xr
ram_high         0x20000000         0x00002000         xrw
ram_low          0x1fffe000         0x00002000         xrw
gdbGuard         0x20000000         0x00000020         r
*default*        0x00000000         0xffffffff

Linker script and memory map

LOAD c:/program files (x86)/eclipse foundation/eclipse cdt/gnu tools arm embedded/8 2018-q4-major/bin/../lib/gcc/arm-none-eabi/8.2.1/thumb/v7e-m/nofp/crti.o
LOAD c:/program files (x86)/eclipse foundation/eclipse cdt/gnu tools arm embedded/8 2018-q4-major/bin/../lib/gcc/arm-none-eabi/8.2.1/thumb/v7e-m/nofp/crtbegin.o
LOAD c:/program files (x86)/eclipse foundation/eclipse cdt/gnu tools arm embedded/8 2018-q4-major/bin/../lib/gcc/arm-none-eabi/8.2.1/../../../../arm-none-eabi/lib/thumb/v7e-m/nofp/crt0.o
LOAD ./Startup_Code/console.o
LOAD ./Startup_Code/mcg.o
LOAD ./Startup_Code/newlib_stubs.o
LOAD ./Startup_Code/rtc.o
LOAD ./Startup_Code/security.o
LOAD ./Startup_Code/startup_ARMLtdGCC.o
LOAD ./Startup_Code/system-gcc.o
LOAD ./Startup_Code/system.o
LOAD ./Startup_Code/vectors.o
LOAD ./Sources/Generator.o
LOAD ./Sources/GeneratorDemo.o
LOAD ./Sources/delay.o
LOAD ./Sources/display_module.o
LOAD ./Sources/fonts.o
LOAD ./Sources/ftfl.o
LOAD ./Sources/hardware.o
LOAD ./Sources/i2c.o
LOAD ./Sources/jog_switch_debounce.o
LOAD ./Sources/lcd.o
LOAD ./Sources/spi.o
LOAD ./Sources/usbdmError.o
LOAD c:/program files (x86)/eclipse foundation/eclipse cdt/gnu tools arm embedded/8 2018-q4-major/bin/../lib/gcc/arm-none-eabi/8.2.1/../../../../arm-none-eabi/lib/thumb/v7e-m/nofp\libstdc++_nano.a
LOAD c:/program files (x86)/eclipse foundation/eclipse cdt/gnu tools arm embedded/8 2018-q4-major/bin/../lib/gcc/arm-none-eabi/8.2.1/../../../../arm-none-eabi/lib/thumb/v7e-m/nofp\libm.a
START GROUP
LOAD c:/program files (x86)/eclipse foundation/eclipse cdt/gnu tools arm embedded/8 2018-q4-major/bin/../lib/gcc/arm-none-eabi/8.2.1/thumb/v7e-m/nofp\libgcc.a
LOAD c:/program files (x86)/eclipse foundation/eclipse cdt/gnu tools arm embedded/8 2018-q4-major/bin/../lib/gcc/arm-none-eabi/8.2.1/../../../../arm-none-eabi/lib/thumb/v7e-m/nofp\libg_nano.a
LOAD c:/program files (x86)/eclipse foundation/eclipse cdt/gnu tools arm embedded/8 2018-q4-major/bin/../lib/gcc/arm-none-eabi/8.2.1/../../../../arm-none-eabi/lib/thumb/v7e-m/nofp\libc_nano.a
END GROUP
START GROUP
LOAD c:/program files (x86)/eclipse foundation/eclipse cdt/gnu tools arm embedded/8 2018-q4-major/bin/../lib/gcc/arm-none-eabi/8.2.1/thumb/v7e-m/nofp\libgcc.a
LOAD c:/program files (x86)/eclipse foundation/eclipse cdt/gnu tools arm embedded/8 2018-q4-major/bin/../lib/gcc/arm-none-eabi/8.2.1/../../../../arm-none-eabi/lib/thumb/v7e-m/nofp\libc_nano.a
END GROUP
LOAD c:/program files (x86)/eclipse foundation/eclipse cdt/gnu tools arm embedded/8 2018-q4-major/bin/../lib/gcc/arm-none-eabi/8.2.1/thumb/v7e-m/nofp/crtend.o
LOAD c:/program files (x86)/eclipse foundation/eclipse cdt/gnu tools arm embedded/8 2018-q4-major/bin/../lib/gcc/arm-none-eabi/8.2.1/thumb/v7e-m/nofp/crtn.o
                0x00001000                __stack_size = 0x1000
                0x00001000                __heap_size = 0x1000
                0x00000000                __sram_u_size = 0x0
                0x00001000                PROVIDE (__stack_size__ = __stack_size)
                0x00001000                PROVIDE (__heap_size__ = __heap_size)
                [!provide]                PROVIDE (__HardReset = Reset_Handler)
                [!provide]                PROVIDE (_start = main)

.interrupts     0x00000000      0x410
                0x00000000                __flash_start = .
                0x00000000                __VECTOR_TABLE = .
 *(.interrupt_vectors)
 .interrupt_vectors
                0x00000000       0xf8 ./Startup_Code/vectors.o
                0x00000000                __vector_table
 *(.isr_vector)
                0x00000001                ASSERT ((. != __flash_start), No reset vector found)
                0x000000f8                __VECTOR_TABLE_END = .
                0x00000400                . = (__flash_start + 0x400)
 *fill*         0x000000f8      0x308 
 *(.security_information)
 .security_information
                0x00000400       0x10 ./Startup_Code/security.o
                0x00000400                securityInfo
 *(.FlashConfig)
                0x00000001                ASSERT ((. == (__flash_start + 0x410)), No Freescale security information)
                0x00000000                M_VECTOR_RAM_SIZE = DEFINED (__ram_vector_table__)?(__VECTOR_TABLE_END - __VECTOR_TABLE):0x0

.text           0x00000410     0x7f44
 *(.text)
 .text          0x00000410       0x40 c:/program files (x86)/eclipse foundation/eclipse cdt/gnu tools arm embedded/8 2018-q4-major/bin/../lib/gcc/arm-none-eabi/8.2.1/thumb/v7e-m/nofp/crtbegin.o
 .text          0x00000450       0x74 c:/program files (x86)/eclipse foundation/eclipse cdt/gnu tools arm embedded/8 2018-q4-major/bin/../lib/gcc/arm-none-eabi/8.2.1/../../../../arm-none-eabi/lib/thumb/v7e-m/nofp/crt0.o
                0x00000450                _start
                0x00000450                _mainCRTStartup
 .text          0x000004c4       0x44 ./Startup_Code/startup_ARMLtdGCC.o
                0x000004c4                Reset_Handler
 .text          0x00000508      0x378 c:/program files (x86)/eclipse foundation/eclipse cdt/gnu tools arm embedded/8 2018-q4-major/bin/../lib/gcc/arm-none-eabi/8.2.1/thumb/v7e-m/nofp\libgcc.a(_arm_addsubdf3.o)
                0x00000508                __aeabi_drsub
                0x00000510                __aeabi_dsub
                0x00000510                __subdf3
                0x00000514                __aeabi_dadd
                0x00000514                __adddf3
                0x0000078c                __floatunsidf
                0x0000078c                __aeabi_ui2d
                0x000007ac                __floatsidf
                0x000007ac                __aeabi_i2d
                0x000007d0                __aeabi_f2d
                0x000007d0                __extendsfdf2
                0x00000814                __floatundidf
                0x00000814                __aeabi_ul2d
                0x00000824                __floatdidf
                0x00000824                __aeabi_l2d
 .text          0x00000880      0x424 c:/program files (x86)/eclipse foundation/eclipse cdt/gnu tools arm embedded/8 2018-q4-major/bin/../lib/gcc/arm-none-eabi/8.2.1/thumb/v7e-m/nofp\libgcc.a(_arm_muldivdf3.o)
                0x00000880                __aeabi_dmul
                0x00000880                __muldf3
                0x00000ad4                __divdf3
                0x00000ad4                __aeabi_ddiv
 .text          0x00000ca4       0x40 c:/program files (x86)/eclipse foundation/eclipse cdt/gnu tools arm embedded/8 2018-q4-major/bin/../lib/gcc/arm-none-eabi/8.2.1/thumb/v7e-m/nofp\libgcc.a(_arm_fixunsdfsi.o)
                0x00000ca4                __aeabi_d2uiz
                0x00000ca4                __fixunsdfsi
 .text          0x00000ce4       0xa0 c:/program files (x86)/eclipse foundation/eclipse cdt/gnu tools arm embedded/8 2018-q4-major/bin/../lib/gcc/arm-none-eabi/8.2.1/thumb/v7e-m/nofp\libgcc.a(_arm_truncdfsf2.o)
                0x00000ce4                __truncdfsf2
                0x00000ce4                __aeabi_d2f
 .text          0x00000d84      0x21c c:/program files (x86)/eclipse foundation/eclipse cdt/gnu tools arm embedded/8 2018-q4-major/bin/../lib/gcc/arm-none-eabi/8.2.1/thumb/v7e-m/nofp\libgcc.a(_arm_addsubsf3.o)
                0x00000d84                __aeabi_frsub
                0x00000d8c                __subsf3
                0x00000d8c                __aeabi_fsub
                0x00000d90                __aeabi_fadd
                0x00000d90                __addsf3
                0x00000ef0                __aeabi_ui2f
                0x00000ef0                __floatunsisf
                0x00000ef8                __aeabi_i2f
                0x00000ef8                __floatsisf
                0x00000f14                __aeabi_ul2f
                0x00000f14                __floatundisf
                0x00000f24                __aeabi_l2f
                0x00000f24                __floatdisf
 .text          0x00000fa0      0x2a0 c:/program files (x86)/eclipse foundation/eclipse cdt/gnu tools arm embedded/8 2018-q4-major/bin/../lib/gcc/arm-none-eabi/8.2.1/thumb/v7e-m/nofp\libgcc.a(_arm_muldivsf3.o)
                0x00000fa0                __mulsf3
                0x00000fa0                __aeabi_fmul
                0x00001108                __aeabi_fdiv
                0x00001108                __divsf3
 .text          0x00001240       0xec c:/program files (x86)/eclipse foundation/eclipse cdt/gnu tools arm embedded/8 2018-q4-major/bin/../lib/gcc/arm-none-eabi/8.2.1/thumb/v7e-m/nofp\libgcc.a(_arm_cmpsf2.o)
                0x00001240                __gesf2
                0x00001240                __gtsf2
                0x00001248                __lesf2
                0x00001248                __ltsf2
                0x00001250                __nesf2
                0x00001250                __eqsf2
                0x00001250                __cmpsf2
                0x000012b0                __aeabi_cfrcmple
                0x000012b8                __aeabi_cfcmpeq
                0x000012b8                __aeabi_cfcmple
                0x000012c8                __aeabi_fcmpeq
                0x000012dc                __aeabi_fcmplt
                0x000012f0                __aeabi_fcmple
                0x00001304                __aeabi_fcmpge
                0x00001318                __aeabi_fcmpgt
 .text          0x0000132c       0x4c c:/program files (x86)/eclipse foundation/eclipse cdt/gnu tools arm embedded/8 2018-q4-major/bin/../lib/gcc/arm-none-eabi/8.2.1/thumb/v7e-m/nofp\libgcc.a(_arm_fixsfsi.o)
                0x0000132c                __aeabi_f2iz
                0x0000132c                __fixsfsi
 .text          0x00001378       0x40 c:/program files (x86)/eclipse foundation/eclipse cdt/gnu tools arm embedded/8 2018-q4-major/bin/../lib/gcc/arm-none-eabi/8.2.1/thumb/v7e-m/nofp\libgcc.a(_arm_fixunssfsi.o)
                0x00001378                __fixunssfsi
                0x00001378                __aeabi_f2uiz
 .text          0x000013b8       0x30 c:/program files (x86)/eclipse foundation/eclipse cdt/gnu tools arm embedded/8 2018-q4-major/bin/../lib/gcc/arm-none-eabi/8.2.1/thumb/v7e-m/nofp\libgcc.a(_aeabi_uldivmod.o)
                0x000013b8                __aeabi_uldivmod
 .text          0x000013e8       0x40 c:/program files (x86)/eclipse foundation/eclipse cdt/gnu tools arm embedded/8 2018-q4-major/bin/../lib/gcc/arm-none-eabi/8.2.1/thumb/v7e-m/nofp\libgcc.a(_fixunssfdi.o)
                0x000013e8                __fixunssfdi
                0x000013e8                __aeabi_f2ulz
 .text          0x00001428      0x2d0 c:/program files (x86)/eclipse foundation/eclipse cdt/gnu tools arm embedded/8 2018-q4-major/bin/../lib/gcc/arm-none-eabi/8.2.1/thumb/v7e-m/nofp\libgcc.a(_udivmoddi4.o)
                0x00001428                __udivmoddi4
 .text          0x000016f8        0x4 c:/program files (x86)/eclipse foundation/eclipse cdt/gnu tools arm embedded/8 2018-q4-major/bin/../lib/gcc/arm-none-eabi/8.2.1/thumb/v7e-m/nofp\libgcc.a(_dvmd_tls.o)
                0x000016f8                __aeabi_idiv0
                0x000016f8                __aeabi_ldiv0
 *(.text*)
 .text.NVIC_SetPriority
                0x000016fc       0x58 ./Startup_Code/console.o
 .text._ZN5USBDML16enablePortClocksEm
                0x00001754       0x34 ./Startup_Code/console.o
 .text._ZN5USBDM7SimInfo13getUart0ClockEv
                0x00001788       0x14 ./Startup_Code/console.o
                0x00001788                USBDM::SimInfo::getUart0Clock()
 .text._ZN5USBDM9Uart0Info11enableClockEv
                0x0000179c       0x28 ./Startup_Code/console.o
                0x0000179c                USBDM::Uart0Info::enableClock()
 .text._ZN5USBDM9Uart0Info22getInputClockFrequencyEv
                0x000017c4        0xe ./Startup_Code/console.o
                0x000017c4                USBDM::Uart0Info::getInputClockFrequency()
 *fill*         0x000017d2        0x2 
 .text._ZN5USBDM9Uart0Info8initPCRsEm
                0x000017d4       0x2c ./Startup_Code/console.o
                0x000017d4                USBDM::Uart0Info::initPCRs(unsigned long)
 .text._ZN5USBDM18FormattingSettingsC2Ev
                0x00001800       0x46 ./Startup_Code/console.o
                0x00001800                USBDM::FormattingSettings::FormattingSettings()
                0x00001800                USBDM::FormattingSettings::FormattingSettings()
 *fill*         0x00001846        0x2 
 .text._ZN5USBDM11FormattedIOC2Ev
                0x00001848       0x34 ./Startup_Code/console.o
                0x00001848                USBDM::FormattedIO::FormattedIO()
                0x00001848                USBDM::FormattedIO::FormattedIO()
 .text._ZN5USBDM11FormattedIOD2Ev
                0x0000187c       0x20 ./Startup_Code/console.o
                0x0000187c                USBDM::FormattedIO::~FormattedIO()
                0x0000187c                USBDM::FormattedIO::~FormattedIO()
 .text._ZN5USBDM11FormattedIOD0Ev
                0x0000189c       0x20 ./Startup_Code/console.o
                0x0000189c                USBDM::FormattedIO::~FormattedIO()
 .text._ZN5USBDM11FormattedIO9writeCharEc
                0x000018bc       0x24 ./Startup_Code/console.o
                0x000018bc                USBDM::FormattedIO::writeChar(char)
 .text._ZN5USBDM11FormattedIO5writeEc
                0x000018e0       0x20 ./Startup_Code/console.o
                0x000018e0                USBDM::FormattedIO::write(char)
 .text._ZN5USBDM11FormattedIO7writelnEv
                0x00001900       0x1a ./Startup_Code/console.o
                0x00001900                USBDM::FormattedIO::writeln()
 .text._ZN5USBDM11FormattedIO5writeEPKc
                0x0000191a       0x2e ./Startup_Code/console.o
                0x0000191a                USBDM::FormattedIO::write(char const*)
 .text._ZN5USBDM11FormattedIO7writelnEPKc
                0x00001948       0x22 ./Startup_Code/console.o
                0x00001948                USBDM::FormattedIO::writeln(char const*)
 .text._ZN5USBDM11FormattedIO7setEchoENS_8EchoModeE
                0x0000196a       0x1e ./Startup_Code/console.o
                0x0000196a                USBDM::FormattedIO::setEcho(USBDM::EchoMode)
 .text._ZN5USBDM4Uart16_isCharAvailableEv
                0x00001988       0x28 ./Startup_Code/console.o
                0x00001988                USBDM::Uart::_isCharAvailable()
 .text._ZN5USBDM4Uart9_readCharEv
                0x000019b0       0x42 ./Startup_Code/console.o
                0x000019b0                USBDM::Uart::_readChar()
 .text._ZN5USBDM4Uart10_writeCharEc
                0x000019f2       0x46 ./Startup_Code/console.o
                0x000019f2                USBDM::Uart::_writeChar(char)
 .text._ZN5USBDM4UartC2ERV9UART_Type
                0x00001a38       0x2c ./Startup_Code/console.o
                0x00001a38                USBDM::Uart::Uart(UART_Type volatile&)
                0x00001a38                USBDM::Uart::Uart(UART_Type volatile&)
 .text._ZN5USBDM4UartD2Ev
                0x00001a64       0x24 ./Startup_Code/console.o
                0x00001a64                USBDM::Uart::~Uart()
                0x00001a64                USBDM::Uart::~Uart()
 .text._ZN5USBDM4UartD0Ev
                0x00001a88       0x20 ./Startup_Code/console.o
                0x00001a88                USBDM::Uart::~Uart()
 .text._ZN5USBDM4Uart16setBaudRate_brfaEmm
                0x00001aa8       0x8c ./Startup_Code/console.o
                0x00001aa8                USBDM::Uart::setBaudRate_brfa(unsigned long, unsigned long)
 .text._ZN5USBDM4Uart11flushOutputEv
                0x00001b34       0x2e ./Startup_Code/console.o
                0x00001b34                USBDM::Uart::flushOutput()
 .text._ZN5USBDM4Uart10flushInputEv
                0x00001b62       0x20 ./Startup_Code/console.o
                0x00001b62                USBDM::Uart::flushInput()
 *fill*         0x00001b82        0x2 
 .text.console_initialise
                0x00001b84       0x24 ./Startup_Code/console.o
                0x00001b84                console_initialise
 .text._ZN5USBDM9log_errorEPKc
                0x00001ba8       0x1c ./Startup_Code/console.o
                0x00001ba8                USBDM::log_error(char const*)
 .text._ZN5USBDM11Uart_brfa_TINS_9Uart0InfoEEC2Ej
                0x00001bc4       0x30 ./Startup_Code/console.o
                0x00001bc4                USBDM::Uart_brfa_T<USBDM::Uart0Info>::Uart_brfa_T(unsigned int)
                0x00001bc4                USBDM::Uart_brfa_T<USBDM::Uart0Info>::Uart_brfa_T(unsigned int)
 .text._ZN5USBDM11Uart_brfa_TINS_9Uart0InfoEE11setBaudRateEj
                0x00001bf4       0x24 ./Startup_Code/console.o
                0x00001bf4                USBDM::Uart_brfa_T<USBDM::Uart0Info>::setBaudRate(unsigned int)
 .text._ZN5USBDM6Uart_TINS_9Uart0InfoEEC2Ev
                0x00001c18       0x40 ./Startup_Code/console.o
                0x00001c18                USBDM::Uart_T<USBDM::Uart0Info>::Uart_T()
                0x00001c18                USBDM::Uart_T<USBDM::Uart0Info>::Uart_T()
 .text._ZN5USBDM6Uart_TINS_9Uart0InfoEED2Ev
                0x00001c58       0x24 ./Startup_Code/console.o
                0x00001c58                USBDM::Uart_T<USBDM::Uart0Info>::~Uart_T()
                0x00001c58                USBDM::Uart_T<USBDM::Uart0Info>::~Uart_T()
 .text._ZN5USBDM6Uart_TINS_9Uart0InfoEED0Ev
                0x00001c7c       0x20 ./Startup_Code/console.o
                0x00001c7c                USBDM::Uart_T<USBDM::Uart0Info>::~Uart_T()
 .text._ZN5USBDM6Uart_TINS_9Uart0InfoEE24setNvicInterruptPriorityEm
                0x00001c9c       0x2e ./Startup_Code/console.o
                0x00001c9c                USBDM::Uart_T<USBDM::Uart0Info>::setNvicInterruptPriority(unsigned long)
 *fill*         0x00001cca        0x2 
 .text._Z41__static_initialization_and_destruction_0ii
                0x00001ccc       0x44 ./Startup_Code/console.o
 .text._ZN5USBDM11Uart_brfa_TINS_9Uart0InfoEED2Ev
                0x00001d10       0x24 ./Startup_Code/console.o
                0x00001d10                USBDM::Uart_brfa_T<USBDM::Uart0Info>::~Uart_brfa_T()
                0x00001d10                USBDM::Uart_brfa_T<USBDM::Uart0Info>::~Uart_brfa_T()
 .text._ZN5USBDM11Uart_brfa_TINS_9Uart0InfoEED0Ev
                0x00001d34       0x20 ./Startup_Code/console.o
                0x00001d34                USBDM::Uart_brfa_T<USBDM::Uart0Info>::~Uart_brfa_T()
 .text._ZN5USBDM6Uart_TINS_9Uart0InfoEE10clearErrorEv
                0x00001d54       0x18 ./Startup_Code/console.o
                0x00001d54                USBDM::Uart_T<USBDM::Uart0Info>::clearError()
 .text._GLOBAL__sub_I__ZN5USBDM7consoleE
                0x00001d6c       0x10 ./Startup_Code/console.o
 .text.NVIC_EnableIRQ
                0x00001d7c       0x34 ./Startup_Code/mcg.o
 .text._ZN5USBDML12setErrorCodeENS_9ErrorCodeE
                0x00001db0       0x20 ./Startup_Code/mcg.o
 .text._ZN5USBDML16enablePortClocksEm
                0x00001dd0       0x34 ./Startup_Code/mcg.o
 .text._ZN5USBDM8Osc0Info11getOscClockEv
                0x00001e04       0x14 ./Startup_Code/mcg.o
                0x00001e04                USBDM::Osc0Info::getOscClock()
 .text._ZN5USBDM8Osc0Info8initPCRsEm
                0x00001e18       0x28 ./Startup_Code/mcg.o
                0x00001e18                USBDM::Osc0Info::initPCRs(unsigned long)
 .text._ZN5USBDM7RtcInfo11enableClockEv
                0x00001e40       0x28 ./Startup_Code/mcg.o
                0x00001e40                USBDM::RtcInfo::enableClock()
 .text._ZN5USBDM7RtcInfo16getInternalClockEv
                0x00001e68       0x24 ./Startup_Code/mcg.o
                0x00001e68                USBDM::RtcInfo::getInternalClock()
 .text._ZN5USBDM7RtcInfo8initPCRsEm
                0x00001e8c       0x12 ./Startup_Code/mcg.o
                0x00001e8c                USBDM::RtcInfo::initPCRs(unsigned long)
 *fill*         0x00001e9e        0x2 
 .text._ZN5USBDM7McgInfo11getErcClockEv
                0x00001ea0       0x34 ./Startup_Code/mcg.o
                0x00001ea0                USBDM::McgInfo::getErcClock()
 .text._ZN5USBDM7McgInfo19getInternalIrcClockEv
                0x00001ed4       0x44 ./Startup_Code/mcg.o
                0x00001ed4                USBDM::McgInfo::getInternalIrcClock()
 .text._ZN5USBDM7SimInfo8initRegsEv
                0x00001f18       0x70 ./Startup_Code/mcg.o
                0x00001f18                USBDM::SimInfo::initRegs()
 .text._ZN5USBDM3Mcg14setSysDividersEm
                0x00001f88       0x24 ./Startup_Code/mcg.o
                0x00001f88                USBDM::Mcg::setSysDividers(unsigned long)
 .text._ZN5USBDM3Mcg20enableNvicInterruptsEv
                0x00001fac       0x10 ./Startup_Code/mcg.o
                0x00001fac                USBDM::Mcg::enableNvicInterrupts()
 .text._ZN5USBDM3Mcg10initialiseEv
                0x00001fbc        0xc ./Startup_Code/mcg.o
                0x00001fbc                USBDM::Mcg::initialise()
 .text._ZN5USBDM3Mcg15clockTransitionERKNS_7McgInfo9ClockInfoE
                0x00001fc8      0x300 ./Startup_Code/mcg.o
                0x00001fc8                USBDM::Mcg::clockTransition(USBDM::McgInfo::ClockInfo const&)
 .text._ZN5USBDM3Mcg21SystemCoreClockUpdateEv
                0x000022c8      0x25c ./Startup_Code/mcg.o
                0x000022c8                USBDM::Mcg::SystemCoreClockUpdate()
 .text._ZN5USBDM3Mcg16defaultConfigureEv
                0x00002524       0x28 ./Startup_Code/mcg.o
                0x00002524                USBDM::Mcg::defaultConfigure()
 .text.clock_initialise
                0x0000254c       0x14 ./Startup_Code/mcg.o
                0x0000254c                clock_initialise
 .text._ZN5USBDM9OscBase_TINS_8Osc0InfoEE10initialiseEv
                0x00002560        0xc ./Startup_Code/mcg.o
                0x00002560                USBDM::OscBase_T<USBDM::Osc0Info>::initialise()
 .text._ZN5USBDM9RtcBase_TINS_7RtcInfoEE10initialiseEv
                0x0000256c        0xc ./Startup_Code/mcg.o
                0x0000256c                USBDM::RtcBase_T<USBDM::RtcInfo>::initialise()
 .text._ZN5USBDM9OscBase_TINS_8Osc0InfoEE16defaultConfigureEv
                0x00002578       0x18 ./Startup_Code/mcg.o
                0x00002578                USBDM::OscBase_T<USBDM::Osc0Info>::defaultConfigure()
 .text._ZN5USBDM9RtcBase_TINS_7RtcInfoEE16defaultConfigureEv
                0x00002590       0xbc ./Startup_Code/mcg.o
                0x00002590                USBDM::RtcBase_T<USBDM::RtcInfo>::defaultConfigure()
 .text._ZN5USBDM9RtcBase_TINS_7RtcInfoEE3rtcEv
                0x0000264c       0x14 ./Startup_Code/mcg.o
                0x0000264c                USBDM::RtcBase_T<USBDM::RtcInfo>::rtc()
 .text._exit    0x00002660        0xc ./Startup_Code/newlib_stubs.o
                0x00002660                _exit
 .text.__cxa_pure_virtual
                0x0000266c        0xa ./Startup_Code/system-gcc.o
                0x0000266c                __cxa_pure_virtual
 .text.rtc_initialise
                0x00002676        0xc ./Startup_Code/system.o
                0x00002676                rtc_initialise
 .text.software_init_hook
                0x00002682        0xc ./Startup_Code/system.o
                0x00002682                software_init_hook
 *fill*         0x0000268e        0x2 
 .text.SystemInitLowLevel
                0x00002690       0x44 ./Startup_Code/system.o
                0x00002690                SystemInitLowLevel
 .text.SystemInit
                0x000026d4       0x18 ./Startup_Code/system.o
                0x000026d4                SystemInit
 .text._ZN5USBDM9PmcBase_TINS_7PmcInfoEE11releasePinsEv
                0x000026ec       0x20 ./Startup_Code/system.o
                0x000026ec                USBDM::PmcBase_T<USBDM::PmcInfo>::releasePins()
 .text._ZN5USBDML20setAndCheckErrorCodeENS_9ErrorCodeE
                0x0000270c       0x20 ./Startup_Code/vectors.o
 .text._ZN5USBDM7FtmBase17unhandledCallbackEv
                0x0000272c        0xe ./Startup_Code/vectors.o
                0x0000272c                USBDM::FtmBase::unhandledCallback()
 .text._ZN5USBDM11FormattedIO10setPaddingENS_7PaddingE
                0x0000273a       0x1e ./Startup_Code/vectors.o
                0x0000273a                USBDM::FormattedIO::setPadding(USBDM::Padding)
 .text._ZN5USBDM11FormattedIO8setWidthEj
                0x00002758       0x1e ./Startup_Code/vectors.o
                0x00002758                USBDM::FormattedIO::setWidth(unsigned int)
 *fill*         0x00002776        0x2 
 .text._ZN5USBDM11FormattedIO5ultoaEPcmNS_5RadixENS_7PaddingEib
                0x00002778      0x170 ./Startup_Code/vectors.o
                0x00002778                USBDM::FormattedIO::ultoa(char*, unsigned long, USBDM::Radix, USBDM::Padding, int, bool)
 .text._ZN5USBDM11FormattedIO5writeEmNS_5RadixE
                0x000028e8       0x42 ./Startup_Code/vectors.o
                0x000028e8                USBDM::FormattedIO::write(unsigned long, USBDM::Radix)
 .text._ZN5USBDM11FormattedIO7writelnEmNS_5RadixE
                0x0000292a       0x2a ./Startup_Code/vectors.o
                0x0000292a                USBDM::FormattedIO::writeln(unsigned long, USBDM::Radix)
 .text._ZN5USBDM11FormattedIO7writelnEPKvNS_5RadixE
                0x00002954       0x24 ./Startup_Code/vectors.o
                0x00002954                USBDM::FormattedIO::writeln(void const*, USBDM::Radix)
 .text._ZN5USBDM11FormattedIO7writelnEjNS_5RadixE
                0x00002978       0x24 ./Startup_Code/vectors.o
                0x00002978                USBDM::FormattedIO::writeln(unsigned int, USBDM::Radix)
 .text.Default_Handler
                0x0000299c       0x20 ./Startup_Code/vectors.o
                0x0000299c                RTC_Alarm_IRQHandler
                0x0000299c                DebugMon_Handler
                0x0000299c                I2C0_IRQHandler
                0x0000299c                SysTick_Handler
                0x0000299c                PendSV_Handler
                0x0000299c                NMI_Handler
                0x0000299c                DMA2_IRQHandler
                0x0000299c                LLWU_IRQHandler
                0x0000299c                TSI0_IRQHandler
                0x0000299c                SWI_IRQHandler
                0x0000299c                ADC0_IRQHandler
                0x0000299c                UsageFault_Handler
                0x0000299c                I2S0_Tx_IRQHandler
                0x0000299c                CMT_IRQHandler
                0x0000299c                CMP1_IRQHandler
                0x0000299c                PORTD_IRQHandler
                0x0000299c                PORTB_IRQHandler
                0x0000299c                USBDCD0_IRQHandler
                0x0000299c                I2S0_Rx_IRQHandler
                0x0000299c                PDB0_IRQHandler
                0x0000299c                UART0_RxTx_IRQHandler
                0x0000299c                RTC_Seconds_IRQHandler
                0x0000299c                MCG_IRQHandler
                0x0000299c                Default_Handler
                0x0000299c                UART0_Error_IRQHandler
                0x0000299c                UART1_RxTx_IRQHandler
                0x0000299c                USB0_IRQHandler
                0x0000299c                MemManage_Handler
                0x0000299c                SVC_Handler
                0x0000299c                UART0_Lon_IRQHandler
                0x0000299c                DMA3_IRQHandler
                0x0000299c                DMA0_IRQHandler
                0x0000299c                FTF_ReadCollision_IRQHandler
                0x0000299c                UART1_Error_IRQHandler
                0x0000299c                UART2_Error_IRQHandler
                0x0000299c                UART2_RxTx_IRQHandler
                0x0000299c                PMC_IRQHandler
                0x0000299c                DMA_Error_IRQHandler
                0x0000299c                SPI0_IRQHandler
                0x0000299c                FTF_Command_IRQHandler
                0x0000299c                PORTA_IRQHandler
                0x0000299c                PORTE_IRQHandler
                0x0000299c                WDOG_IRQHandler
                0x0000299c                LPTMR0_IRQHandler
                0x0000299c                BusFault_Handler
                0x0000299c                CMP0_IRQHandler
                0x0000299c                PORTC_IRQHandler
                0x0000299c                DMA1_IRQHandler
 .text.HardFault_Handler
                0x000029bc       0x16 ./Startup_Code/vectors.o
                0x000029bc                HardFault_Handler
 *fill*         0x000029d2        0x2 
 .text._HardFault_Handler
                0x000029d4      0x1b0 ./Startup_Code/vectors.o
                0x000029d4                _HardFault_Handler
 .text._ZN5USBDM9FtmBase_TINS_8Ftm0InfoEE10irqHandlerEv
                0x00002b84       0x98 ./Startup_Code/vectors.o
                0x00002b84                USBDM::FtmBase_T<USBDM::Ftm0Info>::irqHandler()
 .text._ZN5USBDM9FtmBase_TINS_8Ftm1InfoEE10irqHandlerEv
                0x00002c1c       0x98 ./Startup_Code/vectors.o
                0x00002c1c                USBDM::FtmBase_T<USBDM::Ftm1Info>::irqHandler()
 .text._ZN5USBDM9PitBase_TINS_7PitInfoEE7ChannelILi0EE10irqHandlerEv
                0x00002cb4       0x20 ./Startup_Code/vectors.o
                0x00002cb4                USBDM::PitBase_T<USBDM::PitInfo>::Channel<0>::irqHandler()
 .text._ZN5USBDM9PitBase_TINS_7PitInfoEE7ChannelILi1EE10irqHandlerEv
                0x00002cd4       0x20 ./Startup_Code/vectors.o
                0x00002cd4                USBDM::PitBase_T<USBDM::PitInfo>::Channel<1>::irqHandler()
 .text._ZN5USBDM9PitBase_TINS_7PitInfoEE7ChannelILi2EE10irqHandlerEv
                0x00002cf4       0x20 ./Startup_Code/vectors.o
                0x00002cf4                USBDM::PitBase_T<USBDM::PitInfo>::Channel<2>::irqHandler()
 .text._ZN5USBDM9PitBase_TINS_7PitInfoEE7ChannelILi3EE10irqHandlerEv
                0x00002d14       0x20 ./Startup_Code/vectors.o
                0x00002d14                USBDM::PitBase_T<USBDM::PitInfo>::Channel<3>::irqHandler()
 .text._ZN5USBDM9PitBase_TINS_7PitInfoEE17unhandledCallbackEv
                0x00002d34        0xe ./Startup_Code/vectors.o
                0x00002d34                USBDM::PitBase_T<USBDM::PitInfo>::unhandledCallback()
 *fill*         0x00002d42        0x2 
 .text._ZN5USBDML12setErrorCodeENS_9ErrorCodeE
                0x00002d44       0x20 ./Sources/Generator.o
 .text._ZN5USBDML20setAndCheckErrorCodeENS_9ErrorCodeE
                0x00002d64       0x20 ./Sources/Generator.o
 .text._ZN5USBDM13_usbdm_assertEPKc
                0x00002d84       0x16 ./Sources/Generator.o
                0x00002d84                USBDM::_usbdm_assert(char const*)
 *fill*         0x00002d9a        0x2 
 .text._ZN5USBDML16enablePortClocksEm
                0x00002d9c       0x34 ./Sources/Generator.o
 .text._ZN5USBDM8Ftm1Info22getInputClockFrequencyEv
                0x00002dd0       0x40 ./Sources/Generator.o
                0x00002dd0                USBDM::Ftm1Info::getInputClockFrequency()
 .text._ZN5USBDM8Ftm1Info11enableClockEv
                0x00002e10       0x28 ./Sources/Generator.o
                0x00002e10                USBDM::Ftm1Info::enableClock()
 .text._ZN5USBDM7FtmBase24unhandledChannelCallbackEh
                0x00002e38       0x18 ./Sources/Generator.o
                0x00002e38                USBDM::FtmBase::unhandledChannelCallback(unsigned char)
 .text._ZL11ftmCallbackh
                0x00002e50       0x7c ./Sources/Generator.o
 .text._Z9outputOffv
                0x00002ecc        0xc ./Sources/Generator.o
                0x00002ecc                outputOff()
 .text._Z19generatorInitialisev
                0x00002ed8       0x50 ./Sources/Generator.o
                0x00002ed8                generatorInitialise()
 .text._Z21generatorSetFrequencyj
                0x00002f28       0xb4 ./Sources/Generator.o
                0x00002f28                generatorSetFrequency(unsigned int)
 .text._ZN5USBDM9FtmBase_TINS_8Ftm1InfoEE7ChannelILi1EE17setDeltaEventTimeEt
                0x00002fdc       0x1c ./Sources/Generator.o
                0x00002fdc                USBDM::FtmBase_T<USBDM::Ftm1Info>::Channel<1>::setDeltaEventTime(unsigned short)
 .text._ZN5USBDM9FtmBase_TINS_8Ftm1InfoEE7ChannelILi1EE7setModeENS_9FtmChModeE
                0x00002ff8       0x28 ./Sources/Generator.o
                0x00002ff8                USBDM::FtmBase_T<USBDM::Ftm1Info>::Channel<1>::setMode(USBDM::FtmChMode)
 .text._ZN5USBDM9FtmBase_TINS_8Ftm1InfoEE7ChannelILi1EE7disableEv
                0x00003020        0xe ./Sources/Generator.o
                0x00003020                USBDM::FtmBase_T<USBDM::Ftm1Info>::Channel<1>::disable()
 *fill*         0x0000302e        0x2 
 .text._ZN5USBDM9FtmBase_TINS_8Ftm1InfoEE9configureENS_7FtmModeENS_14FtmClockSourceENS_11FtmPrescaleE
                0x00003030       0x70 ./Sources/Generator.o
                0x00003030                USBDM::FtmBase_T<USBDM::Ftm1Info>::configure(USBDM::FtmMode, USBDM::FtmClockSource, USBDM::FtmPrescale)
 .text._ZN5USBDM9FtmBase_TINS_8Ftm1InfoEE18setMaximumIntervalEfb
                0x000030a0       0x2c ./Sources/Generator.o
                0x000030a0                USBDM::FtmBase_T<USBDM::Ftm1Info>::setMaximumInterval(float, bool)
 .text._ZN5USBDM9FtmBase_TINS_8Ftm1InfoEE20enableNvicInterruptsEm
                0x000030cc       0x1a ./Sources/Generator.o
                0x000030cc                USBDM::FtmBase_T<USBDM::Ftm1Info>::enableNvicInterrupts(unsigned long)
 .text._ZN5USBDM9FtmBase_TINS_8Ftm1InfoEE7ChannelILi1EE9setOutputENS_16PinDriveStrengthENS_12PinDriveModeENS_11PinSlewRateE
                0x000030e6       0x3e ./Sources/Generator.o
                0x000030e6                USBDM::FtmBase_T<USBDM::Ftm1Info>::Channel<1>::setOutput(USBDM::PinDriveStrength, USBDM::PinDriveMode, USBDM::PinSlewRate)
 .text._ZN5USBDM9FtmBase_TINS_8Ftm1InfoEE7ChannelILi1EE20setRelativeEventTimeEt
                0x00003124       0x1c ./Sources/Generator.o
                0x00003124                USBDM::FtmBase_T<USBDM::Ftm1Info>::Channel<1>::setRelativeEventTime(unsigned short)
 .text._ZN5USBDM9FtmBase_TINS_8Ftm1InfoEE7ChannelILi1EE18setChannelCallbackEPFvhE
                0x00003140       0x18 ./Sources/Generator.o
                0x00003140                USBDM::FtmBase_T<USBDM::Ftm1Info>::Channel<1>::setChannelCallback(void (*)(unsigned char))
 .text._ZN5USBDM9FtmBase_TINS_8Ftm1InfoEE7ChannelILi1EE9configureENS_9FtmChModeENS_16FtmChannelActionE
                0x00003158       0x2c ./Sources/Generator.o
                0x00003158                USBDM::FtmBase_T<USBDM::Ftm1Info>::Channel<1>::configure(USBDM::FtmChMode, USBDM::FtmChannelAction)
 .text._ZN5USBDM9FtmBase_TINS_8Ftm1InfoEE7ChannelILi1EE12setEventTimeEt
                0x00003184       0x1c ./Sources/Generator.o
                0x00003184                USBDM::FtmBase_T<USBDM::Ftm1Info>::Channel<1>::setEventTime(unsigned short)
 .text._ZN5USBDM9FtmBase_TINS_8Ftm1InfoEE9setPeriodEfb
                0x000031a0       0xf4 ./Sources/Generator.o
                0x000031a0                USBDM::FtmBase_T<USBDM::Ftm1Info>::setPeriod(float, bool)
 .text._ZN5USBDM9FtmBase_TINS_8Ftm1InfoEE7ChannelILi1EE9setActionENS_16FtmChannelActionE
                0x00003294       0x28 ./Sources/Generator.o
                0x00003294                USBDM::FtmBase_T<USBDM::Ftm1Info>::Channel<1>::setAction(USBDM::FtmChannelAction)
 .text._ZN5USBDM9FtmBase_TINS_8Ftm1InfoEE21convertSecondsToTicksEf
                0x000032bc       0x70 ./Sources/Generator.o
                0x000032bc                USBDM::FtmBase_T<USBDM::Ftm1Info>::convertSecondsToTicks(float)
 .text._ZN5USBDM9FtmBase_TINS_8Ftm1InfoEE17setDeltaEventTimeEti
                0x0000332c       0x34 ./Sources/Generator.o
                0x0000332c                USBDM::FtmBase_T<USBDM::Ftm1Info>::setDeltaEventTime(unsigned short, int)
 .text._ZN5USBDM9FtmBase_TINS_8Ftm1InfoEE6enableEv
                0x00003360       0x10 ./Sources/Generator.o
                0x00003360                USBDM::FtmBase_T<USBDM::Ftm1Info>::enable()
 .text._ZN5USBDM9FtmBase_TINS_8Ftm1InfoEE16setPeriodInTicksEmb
                0x00003370       0xa4 ./Sources/Generator.o
                0x00003370                USBDM::FtmBase_T<USBDM::Ftm1Info>::setPeriodInTicks(unsigned long, bool)
 .text._ZN5USBDM7FtmBase15CheckPinMappingINS_8Ftm1InfoELi1EE5checkEv
                0x00003414        0xc ./Sources/Generator.o
                0x00003414                USBDM::FtmBase::CheckPinMapping<USBDM::Ftm1Info, 1>::check()
 .text._ZN5USBDM5Pcr_TILm512ELm1074040832EL9IRQn_Type40ELi13ELm768EE6setPCREm
                0x00003420       0x22 ./Sources/Generator.o
                0x00003420                USBDM::Pcr_T<512ul, 1074040832ul, (IRQn_Type)40, 13, 768ul>::setPCR(unsigned long)
 *fill*         0x00003442        0x2 
 .text._ZN5USBDM9FtmBase_TINS_8Ftm1InfoEE20setRelativeEventTimeEti
                0x00003444       0x30 ./Sources/Generator.o
                0x00003444                USBDM::FtmBase_T<USBDM::Ftm1Info>::setRelativeEventTime(unsigned short, int)
 .text._ZN5USBDM9FtmBase_TINS_8Ftm1InfoEE18setChannelCallbackEPFvhE
                0x00003474       0x58 ./Sources/Generator.o
                0x00003474                USBDM::FtmBase_T<USBDM::Ftm1Info>::setChannelCallback(void (*)(unsigned char))
 .text._ZN5USBDM9FtmBase_TINS_8Ftm1InfoEE12setEventTimeEti
                0x000034cc       0x28 ./Sources/Generator.o
                0x000034cc                USBDM::FtmBase_T<USBDM::Ftm1Info>::setEventTime(unsigned short, int)
 .text._ZN5USBDM9FtmBase_TINS_8Ftm1InfoEE23getTickFrequencyAsFloatEv
                0x000034f4       0x44 ./Sources/Generator.o
                0x000034f4                USBDM::FtmBase_T<USBDM::Ftm1Info>::getTickFrequencyAsFloat()
 .text._ZN5USBDM5Pcr_TILm512ELm1074040832EL9IRQn_Type40ELi13ELm768EE6pcrRegEv
                0x00003538       0x14 ./Sources/Generator.o
                0x00003538                USBDM::Pcr_T<512ul, 1074040832ul, (IRQn_Type)40, 13, 768ul>::pcrReg()
 .text._ZN5USBDML16enablePortClocksEm
                0x0000354c       0x34 ./Sources/GeneratorDemo.o
 .text._ZN5USBDM11FormattedIO5writeEb
                0x00003580       0x34 ./Sources/GeneratorDemo.o
                0x00003580                USBDM::FormattedIO::write(bool)
 .text._ZN5USBDM11FormattedIO7writelnEb
                0x000035b4       0x26 ./Sources/GeneratorDemo.o
                0x000035b4                USBDM::FormattedIO::writeln(bool)
 *fill*         0x000035da        0x2 
 .text.main     0x000035dc      0x128 ./Sources/GeneratorDemo.o
                0x000035dc                main
 .text._ZN5USBDM10GpioBase_TILm2048ELm1074049024EL9IRQn_Type42ELm1074786432ELj10ELNS_8PolarityE0EE9setOutputEm
                0x00003704       0x28 ./Sources/GeneratorDemo.o
                0x00003704                USBDM::GpioBase_T<2048ul, 1074049024ul, (IRQn_Type)42, 1074786432ul, 10u, (USBDM::Polarity)0>::setOutput(unsigned long)
 .text._ZN5USBDM10GpioBase_TILm2048ELm1074049024EL9IRQn_Type42ELm1074786432ELj10ELNS_8PolarityE0EE3setEv
                0x0000372c       0x14 ./Sources/GeneratorDemo.o
                0x0000372c                USBDM::GpioBase_T<2048ul, 1074049024ul, (IRQn_Type)42, 1074786432ul, 10u, (USBDM::Polarity)0>::set()
 .text._ZN5USBDM10GpioBase_TILm2048ELm1074049024EL9IRQn_Type42ELm1074786432ELj10ELNS_8PolarityE0EE11setInactiveEv
                0x00003740        0xc ./Sources/GeneratorDemo.o
                0x00003740                USBDM::GpioBase_T<2048ul, 1074049024ul, (IRQn_Type)42, 1074786432ul, 10u, (USBDM::Polarity)0>::setInactive()
 .text._ZN5USBDM10GpioBase_TILm2048ELm1074049024EL9IRQn_Type42ELm1074786432ELj10ELNS_8PolarityE0EE6setOutEv
                0x0000374c       0x16 ./Sources/GeneratorDemo.o
                0x0000374c                USBDM::GpioBase_T<2048ul, 1074049024ul, (IRQn_Type)42, 1074786432ul, 10u, (USBDM::Polarity)0>::setOut()
 .text._ZN5USBDM5Pcr_TILm2048ELm1074049024EL9IRQn_Type42ELi10ELm256EE6setPCREm
                0x00003762       0x22 ./Sources/GeneratorDemo.o
                0x00003762                USBDM::Pcr_T<2048ul, 1074049024ul, (IRQn_Type)42, 10, 256ul>::setPCR(unsigned long)
 .text._ZN5USBDM10GpioBase_TILm2048ELm1074049024EL9IRQn_Type42ELm1074786432ELj10ELNS_8PolarityE0EE4gpioEv
                0x00003784       0x14 ./Sources/GeneratorDemo.o
                0x00003784                USBDM::GpioBase_T<2048ul, 1074049024ul, (IRQn_Type)42, 1074786432ul, 10u, (USBDM::Polarity)0>::gpio()
 .text._ZN5USBDM5Pcr_TILm2048ELm1074049024EL9IRQn_Type42ELi10ELm256EE6pcrRegEv
                0x00003798       0x14 ./Sources/GeneratorDemo.o
                0x00003798                USBDM::Pcr_T<2048ul, 1074049024ul, (IRQn_Type)42, 10, 256ul>::pcrReg()
 .text._ZN5USBDML9waitTicksEx
                0x000037ac       0x74 ./Sources/delay.o
 .text._ZN5USBDM6waitMSEm
                0x00003820       0x50 ./Sources/delay.o
                0x00003820                USBDM::waitMS(unsigned long)
 .text._ZN5USBDML16enablePortClocksEm
                0x00003870       0x34 ./Sources/display_module.o
 .text._ZN5USBDML8pcrValueENS_7PinPullENS_16PinDriveStrengthENS_12PinDriveModeENS_9PinActionENS_9PinFilterENS_11PinSlewRateENS_6PinMuxE
                0x000038a4       0x3e ./Sources/display_module.o
 *fill*         0x000038e2        0x2 
 .text._ZN5USBDM8Spi0Info11enableClockEv
                0x000038e4       0x28 ./Sources/display_module.o
                0x000038e4                USBDM::Spi0Info::enableClock()
 .text._ZN5USBDM8Spi0Info17getClockFrequencyEv
                0x0000390c       0x14 ./Sources/display_module.o
                0x0000390c                USBDM::Spi0Info::getClockFrequency()
 .text._ZN5USBDM8Spi0Info8initPCRsEm
                0x00003920       0x2c ./Sources/display_module.o
                0x00003920                USBDM::Spi0Info::initPCRs(unsigned long)
 .text._ZN5USBDM8Spi0Info9clearPCRsEv
                0x0000394c       0x20 ./Sources/display_module.o
                0x0000394c                USBDM::Spi0Info::clearPCRs()
 .text._ZN5USBDM3SpiC2EPV8SPI_Type
                0x0000396c       0x2c ./Sources/display_module.o
                0x0000396c                USBDM::Spi::Spi(SPI_Type volatile*)
                0x0000396c                USBDM::Spi::Spi(SPI_Type volatile*)
 .text._ZN5USBDM3SpiD2Ev
                0x00003998       0x20 ./Sources/display_module.o
                0x00003998                USBDM::Spi::~Spi()
                0x00003998                USBDM::Spi::~Spi()
 .text._ZN5USBDM3SpiD0Ev
                0x000039b8       0x20 ./Sources/display_module.o
                0x000039b8                USBDM::Spi::~Spi()
 .text._ZN5USBDM3Spi14calculateCSSCKEff
                0x000039d8       0x32 ./Sources/display_module.o
                0x000039d8                USBDM::Spi::calculateCSSCK(float, float)
 .text._ZN5USBDM3Spi12calculateASCEff
                0x00003a0a       0x34 ./Sources/display_module.o
                0x00003a0a                USBDM::Spi::calculateASC(float, float)
 .text._ZN5USBDM3Spi11calculateDTEff
                0x00003a3e       0x32 ./Sources/display_module.o
                0x00003a3e                USBDM::Spi::calculateDT(float, float)
 .text._ZN5USBDM3Spi15calculateDelaysEmfff
                0x00003a70       0x5a ./Sources/display_module.o
                0x00003a70                USBDM::Spi::calculateDelays(unsigned long, float, float, float)
 .text._ZN5USBDM3Spi8setSpeedEmmNS_13SpiCtarSelectE
                0x00003aca       0x46 ./Sources/display_module.o
                0x00003aca                USBDM::Spi::setSpeed(unsigned long, unsigned long, USBDM::SpiCtarSelect)
 .text._ZN5USBDM3Spi9setDelaysEmfffNS_13SpiCtarSelectE
                0x00003b10       0x50 ./Sources/display_module.o
                0x00003b10                USBDM::Spi::setDelays(unsigned long, float, float, float, USBDM::SpiCtarSelect)
 .text._ZN5USBDM3Spi16startTransactionERNS_9SpiConfigEi
                0x00003b60       0x2e ./Sources/display_module.o
                0x00003b60                USBDM::Spi::startTransaction(USBDM::SpiConfig&, int)
 .text._ZN5USBDM3Spi14endTransactionEv
                0x00003b8e       0x24 ./Sources/display_module.o
                0x00003b8e                USBDM::Spi::endTransaction()
 .text._ZN5USBDM3Spi7setModeENS_7SpiModeENS_8SpiOrderENS_13SpiCtarSelectE
                0x00003bb2       0x42 ./Sources/display_module.o
                0x00003bb2                USBDM::Spi::setMode(USBDM::SpiMode, USBDM::SpiOrder, USBDM::SpiCtarSelect)
 .text._ZN5USBDM3Spi12setFrameSizeEiNS_13SpiCtarSelectE
                0x00003bf4       0x44 ./Sources/display_module.o
                0x00003bf4                USBDM::Spi::setFrameSize(int, USBDM::SpiCtarSelect)
 .text._ZN5USBDM3Spi16setConfigurationERKNS_9SpiConfigE
                0x00003c38       0x26 ./Sources/display_module.o
                0x00003c38                USBDM::Spi::setConfiguration(USBDM::SpiConfig const&)
 .text._ZN5USBDM3Spi13setCTAR0ValueEm
                0x00003c5e       0x1c ./Sources/display_module.o
                0x00003c5e                USBDM::Spi::setCTAR0Value(unsigned long)
 .text._ZN5USBDM3Spi13setCTAR1ValueEm
                0x00003c7a       0x1c ./Sources/display_module.o
                0x00003c7a                USBDM::Spi::setCTAR1Value(unsigned long)
 .text._ZN5USBDM12FontSettingsC2ERKNS_4FontEtt
                0x00003c96       0x34 ./Sources/display_module.o
                0x00003c96                USBDM::FontSettings::FontSettings(USBDM::Font const&, unsigned short, unsigned short)
                0x00003c96                USBDM::FontSettings::FontSettings(USBDM::Font const&, unsigned short, unsigned short)
 *fill*         0x00003cca        0x2 
 .text._ZN5USBDM7LcdBaseC2ERNS_3SpiE
                0x00003ccc       0x50 ./Sources/display_module.o
                0x00003ccc                USBDM::LcdBase::LcdBase(USBDM::Spi&)
                0x00003ccc                USBDM::LcdBase::LcdBase(USBDM::Spi&)
 .text._ZN5USBDM7LcdBaseD2Ev
                0x00003d1c       0x24 ./Sources/display_module.o
                0x00003d1c                USBDM::LcdBase::~LcdBase()
                0x00003d1c                USBDM::LcdBase::~LcdBase()
 .text._ZN5USBDM7LcdBaseD0Ev
                0x00003d40       0x20 ./Sources/display_module.o
                0x00003d40                USBDM::LcdBase::~LcdBase()
 .text._ZN5USBDM7LcdBase6putStrEPKcjj
                0x00003d60       0x34 ./Sources/display_module.o
                0x00003d60                USBDM::LcdBase::putStr(char const*, unsigned int, unsigned int)
 .text._ZN5USBDM7LcdBase9_readCharEv
                0x00003d94       0x16 ./Sources/display_module.o
                0x00003d94                USBDM::LcdBase::_readChar()
 .text._ZN5USBDM7LcdBase16_isCharAvailableEv
                0x00003daa       0x14 ./Sources/display_module.o
                0x00003daa                USBDM::LcdBase::_isCharAvailable()
 .text._ZN5USBDM7LcdBase10flushInputEv
                0x00003dbe       0x12 ./Sources/display_module.o
                0x00003dbe                USBDM::LcdBase::flushInput()
 .text._ZN5USBDM7LcdBase11flushOutputEv
                0x00003dd0       0x12 ./Sources/display_module.o
                0x00003dd0                USBDM::LcdBase::flushOutput()
 .text._ZN5USBDM7LcdBase7setFontERKNS_4FontE
                0x00003de2       0x1c ./Sources/display_module.o
                0x00003de2                USBDM::LcdBase::setFont(USBDM::Font const&)
 .text._ZN5USBDM7LcdBase13setForegroundEt
                0x00003dfe       0x1e ./Sources/display_module.o
                0x00003dfe                USBDM::LcdBase::setForeground(unsigned short)
 .text._ZN5USBDM7LcdBase13setBackgroundEt
                0x00003e1c       0x1e ./Sources/display_module.o
                0x00003e1c                USBDM::LcdBase::setBackground(unsigned short)
 .text._ZN5USBDM7LcdBase8_newlineEv
                0x00003e3a       0x38 ./Sources/display_module.o
                0x00003e3a                USBDM::LcdBase::_newline()
 .text._ZN5USBDM7LcdBase10_writeCharEc
                0x00003e72       0x7a ./Sources/display_module.o
                0x00003e72                USBDM::LcdBase::_writeChar(char)
 .text._ZN5USBDM4Spi0C2Ev
                0x00003eec       0x24 ./Sources/display_module.o
                0x00003eec                USBDM::Spi0::Spi0()
                0x00003eec                USBDM::Spi0::Spi0()
 .text._Z10displayOffv
                0x00003f10       0x48 ./Sources/display_module.o
                0x00003f10                displayOff()
 .text._Z17displayClockkInfoi
                0x00003f58      0x44c ./Sources/display_module.o
                0x00003f58                displayClockkInfo(int)
 .text._Z15display7Segmentiiiii
                0x000043a4      0xb6c ./Sources/display_module.o
                0x000043a4                display7Segment(int, int, int, int, int)
 .text._ZN5USBDM9SpiBase_TINS_8Spi0InfoEEC2Ev
                0x00004f10       0x9c ./Sources/display_module.o
                0x00004f10                USBDM::SpiBase_T<USBDM::Spi0Info>::SpiBase_T()
                0x00004f10                USBDM::SpiBase_T<USBDM::Spi0Info>::SpiBase_T()
 .text._ZN5USBDM9SpiBase_TINS_8Spi0InfoEED2Ev
                0x00004fac       0x24 ./Sources/display_module.o
                0x00004fac                USBDM::SpiBase_T<USBDM::Spi0Info>::~SpiBase_T()
                0x00004fac                USBDM::SpiBase_T<USBDM::Spi0Info>::~SpiBase_T()
 .text._ZN5USBDM9SpiBase_TINS_8Spi0InfoEED0Ev
                0x00004fd0       0x20 ./Sources/display_module.o
                0x00004fd0                USBDM::SpiBase_T<USBDM::Spi0Info>::~SpiBase_T()
 .text._ZN5USBDM5Lcd_TINS_5GpioAILj2ELNS_8PolarityE1EEENS1_ILj12ELS2_1EEENS_5GpioCILj2ELS2_1EEEEC2ERNS_3SpiE
                0x00004ff0       0x78 ./Sources/display_module.o
                0x00004ff0                USBDM::Lcd_T<USBDM::GpioA<2u, (USBDM::Polarity)1>, USBDM::GpioA<12u, (USBDM::Polarity)1>, USBDM::GpioC<2u, (USBDM::Polarity)1> >::Lcd_T(USBDM::Spi&)
                0x00004ff0                USBDM::Lcd_T<USBDM::GpioA<2u, (USBDM::Polarity)1>, USBDM::GpioA<12u, (USBDM::Polarity)1>, USBDM::GpioC<2u, (USBDM::Polarity)1> >::Lcd_T(USBDM::Spi&)
 .text._ZN5USBDM9SpiBase_TINS_8Spi0InfoEE8setSpeedEmNS_13SpiCtarSelectE
                0x00005068       0x78 ./Sources/display_module.o
                0x00005068                USBDM::SpiBase_T<USBDM::Spi0Info>::setSpeed(unsigned long, USBDM::SpiCtarSelect)
 .text._ZN5USBDM10GpioBase_TILm512ELm1074040832EL9IRQn_Type40ELm1074786304ELj2ELNS_8PolarityE1EE9setOutputEm
                0x000050e0       0x28 ./Sources/display_module.o
                0x000050e0                USBDM::GpioBase_T<512ul, 1074040832ul, (IRQn_Type)40, 1074786304ul, 2u, (USBDM::Polarity)1>::setOutput(unsigned long)
 .text._ZN5USBDM10GpioBase_TILm512ELm1074040832EL9IRQn_Type40ELm1074786304ELj2ELNS_8PolarityE1EE4highEv
                0x00005108       0x12 ./Sources/display_module.o
                0x00005108                USBDM::GpioBase_T<512ul, 1074040832ul, (IRQn_Type)40, 1074786304ul, 2u, (USBDM::Polarity)1>::high()
 .text._ZN5USBDM10GpioBase_TILm512ELm1074040832EL9IRQn_Type40ELm1074786304ELj12ELNS_8PolarityE1EE9setOutputEm
                0x0000511a       0x28 ./Sources/display_module.o
                0x0000511a                USBDM::GpioBase_T<512ul, 1074040832ul, (IRQn_Type)40, 1074786304ul, 12u, (USBDM::Polarity)1>::setOutput(unsigned long)
 .text._ZN5USBDM10GpioBase_TILm512ELm1074040832EL9IRQn_Type40ELm1074786304ELj12ELNS_8PolarityE1EE4highEv
                0x00005142       0x14 ./Sources/display_module.o
                0x00005142                USBDM::GpioBase_T<512ul, 1074040832ul, (IRQn_Type)40, 1074786304ul, 12u, (USBDM::Polarity)1>::high()
 .text._ZN5USBDM9SpiBase_TINS_8Spi0InfoEE9setDelaysEfffNS_13SpiCtarSelectE
                0x00005156       0x32 ./Sources/display_module.o
                0x00005156                USBDM::SpiBase_T<USBDM::Spi0Info>::setDelays(float, float, float, USBDM::SpiCtarSelect)
 .text._ZN5USBDM10GpioBase_TILm512ELm1074040832EL9IRQn_Type40ELm1074786304ELj2ELNS_8PolarityE1EE11setInactiveEv
                0x00005188        0xc ./Sources/display_module.o
                0x00005188                USBDM::GpioBase_T<512ul, 1074040832ul, (IRQn_Type)40, 1074786304ul, 2u, (USBDM::Polarity)1>::setInactive()
 .text._ZN5USBDM10GpioBase_TILm512ELm1074040832EL9IRQn_Type40ELm1074786304ELj2ELNS_8PolarityE1EE6setOutEv
                0x00005194       0x16 ./Sources/display_module.o
                0x00005194                USBDM::GpioBase_T<512ul, 1074040832ul, (IRQn_Type)40, 1074786304ul, 2u, (USBDM::Polarity)1>::setOut()
 .text._ZN5USBDM5Pcr_TILm512ELm1074040832EL9IRQn_Type40ELi2ELm256EE6setPCREm
                0x000051aa       0x22 ./Sources/display_module.o
                0x000051aa                USBDM::Pcr_T<512ul, 1074040832ul, (IRQn_Type)40, 2, 256ul>::setPCR(unsigned long)
 .text._ZN5USBDM10GpioBase_TILm512ELm1074040832EL9IRQn_Type40ELm1074786304ELj2ELNS_8PolarityE1EE4gpioEv
                0x000051cc       0x14 ./Sources/display_module.o
                0x000051cc                USBDM::GpioBase_T<512ul, 1074040832ul, (IRQn_Type)40, 1074786304ul, 2u, (USBDM::Polarity)1>::gpio()
 .text._ZN5USBDM10GpioBase_TILm512ELm1074040832EL9IRQn_Type40ELm1074786304ELj12ELNS_8PolarityE1EE11setInactiveEv
                0x000051e0        0xc ./Sources/display_module.o
                0x000051e0                USBDM::GpioBase_T<512ul, 1074040832ul, (IRQn_Type)40, 1074786304ul, 12u, (USBDM::Polarity)1>::setInactive()
 .text._ZN5USBDM10GpioBase_TILm512ELm1074040832EL9IRQn_Type40ELm1074786304ELj12ELNS_8PolarityE1EE6setOutEv
                0x000051ec       0x16 ./Sources/display_module.o
                0x000051ec                USBDM::GpioBase_T<512ul, 1074040832ul, (IRQn_Type)40, 1074786304ul, 12u, (USBDM::Polarity)1>::setOut()
 .text._ZN5USBDM5Pcr_TILm512ELm1074040832EL9IRQn_Type40ELi12ELm256EE6setPCREm
                0x00005202       0x22 ./Sources/display_module.o
                0x00005202                USBDM::Pcr_T<512ul, 1074040832ul, (IRQn_Type)40, 12, 256ul>::setPCR(unsigned long)
 .text._ZN5USBDM10GpioBase_TILm512ELm1074040832EL9IRQn_Type40ELm1074786304ELj12ELNS_8PolarityE1EE4gpioEv
                0x00005224       0x14 ./Sources/display_module.o
                0x00005224                USBDM::GpioBase_T<512ul, 1074040832ul, (IRQn_Type)40, 1074786304ul, 12u, (USBDM::Polarity)1>::gpio()
 .text._ZN5USBDM10GpioBase_TILm512ELm1074040832EL9IRQn_Type40ELm1074786304ELj2ELNS_8PolarityE1EE5clearEv
                0x00005238       0x12 ./Sources/display_module.o
                0x00005238                USBDM::GpioBase_T<512ul, 1074040832ul, (IRQn_Type)40, 1074786304ul, 2u, (USBDM::Polarity)1>::clear()
 *fill*         0x0000524a        0x2 
 .text._ZN5USBDM5Pcr_TILm512ELm1074040832EL9IRQn_Type40ELi2ELm256EE6pcrRegEv
                0x0000524c       0x14 ./Sources/display_module.o
                0x0000524c                USBDM::Pcr_T<512ul, 1074040832ul, (IRQn_Type)40, 2, 256ul>::pcrReg()
 .text._ZN5USBDM10GpioBase_TILm512ELm1074040832EL9IRQn_Type40ELm1074786304ELj12ELNS_8PolarityE1EE5clearEv
                0x00005260       0x14 ./Sources/display_module.o
                0x00005260                USBDM::GpioBase_T<512ul, 1074040832ul, (IRQn_Type)40, 1074786304ul, 12u, (USBDM::Polarity)1>::clear()
 .text._ZN5USBDM5Pcr_TILm512ELm1074040832EL9IRQn_Type40ELi12ELm256EE6pcrRegEv
                0x00005274       0x14 ./Sources/display_module.o
                0x00005274                USBDM::Pcr_T<512ul, 1074040832ul, (IRQn_Type)40, 12, 256ul>::pcrReg()
 .text._ZN5USBDM5Lcd_TINS_5GpioAILj2ELNS_8PolarityE1EEENS1_ILj12ELS2_1EEENS_5GpioCILj2ELS2_1EEEED2Ev
                0x00005288       0x24 ./Sources/display_module.o
                0x00005288                USBDM::Lcd_T<USBDM::GpioA<2u, (USBDM::Polarity)1>, USBDM::GpioA<12u, (USBDM::Polarity)1>, USBDM::GpioC<2u, (USBDM::Polarity)1> >::~Lcd_T()
                0x00005288                USBDM::Lcd_T<USBDM::GpioA<2u, (USBDM::Polarity)1>, USBDM::GpioA<12u, (USBDM::Polarity)1>, USBDM::GpioC<2u, (USBDM::Polarity)1> >::~Lcd_T()
 .text._ZN5USBDM5Lcd_TINS_5GpioAILj2ELNS_8PolarityE1EEENS1_ILj12ELS2_1EEENS_5GpioCILj2ELS2_1EEEED0Ev
                0x000052ac       0x20 ./Sources/display_module.o
                0x000052ac                USBDM::Lcd_T<USBDM::GpioA<2u, (USBDM::Polarity)1>, USBDM::GpioA<12u, (USBDM::Polarity)1>, USBDM::GpioC<2u, (USBDM::Polarity)1> >::~Lcd_T()
 .text._ZN5USBDM4Spi0D2Ev
                0x000052cc       0x24 ./Sources/display_module.o
                0x000052cc                USBDM::Spi0::~Spi0()
                0x000052cc                USBDM::Spi0::~Spi0()
 .text._ZN5USBDM4Spi0D0Ev
                0x000052f0       0x20 ./Sources/display_module.o
                0x000052f0                USBDM::Spi0::~Spi0()
 .text._Z41__static_initialization_and_destruction_0ii
                0x00005310       0x58 ./Sources/display_module.o
 .text._ZN5USBDM5Lcd_TINS_5GpioAILj2ELNS_8PolarityE1EEENS1_ILj12ELS2_1EEENS_5GpioCILj2ELS2_1EEEE5resetEv
                0x00005368       0x28 ./Sources/display_module.o
                0x00005368                USBDM::Lcd_T<USBDM::GpioA<2u, (USBDM::Polarity)1>, USBDM::GpioA<12u, (USBDM::Polarity)1>, USBDM::GpioC<2u, (USBDM::Polarity)1> >::reset()
 .text._ZN5USBDM5Lcd_TINS_5GpioAILj2ELNS_8PolarityE1EEENS1_ILj12ELS2_1EEENS_5GpioCILj2ELS2_1EEEE9txCommandEh
                0x00005390       0x46 ./Sources/display_module.o
                0x00005390                USBDM::Lcd_T<USBDM::GpioA<2u, (USBDM::Polarity)1>, USBDM::GpioA<12u, (USBDM::Polarity)1>, USBDM::GpioC<2u, (USBDM::Polarity)1> >::txCommand(unsigned char)
 .text._ZN5USBDM5Lcd_TINS_5GpioAILj2ELNS_8PolarityE1EEENS1_ILj12ELS2_1EEENS_5GpioCILj2ELS2_1EEEE6txDataEh
                0x000053d6       0x4e ./Sources/display_module.o
                0x000053d6                USBDM::Lcd_T<USBDM::GpioA<2u, (USBDM::Polarity)1>, USBDM::GpioA<12u, (USBDM::Polarity)1>, USBDM::GpioC<2u, (USBDM::Polarity)1> >::txData(unsigned char)
 .text._ZN5USBDM5Lcd_TINS_5GpioAILj2ELNS_8PolarityE1EEENS1_ILj12ELS2_1EEENS_5GpioCILj2ELS2_1EEEE11txTwoPixelsEt
                0x00005424       0x9c ./Sources/display_module.o
                0x00005424                USBDM::Lcd_T<USBDM::GpioA<2u, (USBDM::Polarity)1>, USBDM::GpioA<12u, (USBDM::Polarity)1>, USBDM::GpioC<2u, (USBDM::Polarity)1> >::txTwoPixels(unsigned short)
 .text._ZN5USBDM5Lcd_TINS_5GpioAILj2ELNS_8PolarityE1EEENS1_ILj12ELS2_1EEENS_5GpioCILj2ELS2_1EEEE13txColourBlockEtj
                0x000054c0       0xbc ./Sources/display_module.o
                0x000054c0                USBDM::Lcd_T<USBDM::GpioA<2u, (USBDM::Polarity)1>, USBDM::GpioA<12u, (USBDM::Polarity)1>, USBDM::GpioC<2u, (USBDM::Polarity)1> >::txColourBlock(unsigned short, unsigned int)
 .text._ZN5USBDM5Lcd_TINS_5GpioAILj2ELNS_8PolarityE1EEENS1_ILj12ELS2_1EEENS_5GpioCILj2ELS2_1EEEE17backlightSetLevelEj
                0x0000557c       0x44 ./Sources/display_module.o
                0x0000557c                USBDM::Lcd_T<USBDM::GpioA<2u, (USBDM::Polarity)1>, USBDM::GpioA<12u, (USBDM::Polarity)1>, USBDM::GpioC<2u, (USBDM::Polarity)1> >::backlightSetLevel(unsigned int)
 .text._ZN5USBDM9SpiBase_TINS_8Spi0InfoEE10enablePinsEv
                0x000055c0       0x30 ./Sources/display_module.o
                0x000055c0                USBDM::SpiBase_T<USBDM::Spi0Info>::enablePins()
 .text._ZN5USBDM9SpiBase_TINS_8Spi0InfoEE11disablePinsEv
                0x000055f0       0x14 ./Sources/display_module.o
                0x000055f0                USBDM::SpiBase_T<USBDM::Spi0Info>::disablePins()
 .text._ZN5USBDM10GpioBase_TILm512ELm1074040832EL9IRQn_Type40ELm1074786304ELj12ELNS_8PolarityE1EE3lowEv
                0x00005604       0x14 ./Sources/display_module.o
                0x00005604                USBDM::GpioBase_T<512ul, 1074040832ul, (IRQn_Type)40, 1074786304ul, 12u, (USBDM::Polarity)1>::low()
 .text._ZN5USBDM10GpioBase_TILm512ELm1074040832EL9IRQn_Type40ELm1074786304ELj2ELNS_8PolarityE1EE3lowEv
                0x00005618       0x12 ./Sources/display_module.o
                0x00005618                USBDM::GpioBase_T<512ul, 1074040832ul, (IRQn_Type)40, 1074786304ul, 2u, (USBDM::Polarity)1>::low()
 .text._ZN5USBDM10GpioBase_TILm2048ELm1074049024EL9IRQn_Type42ELm1074786432ELj2ELNS_8PolarityE1EE9setOutputEm
                0x0000562a       0x28 ./Sources/display_module.o
                0x0000562a                USBDM::GpioBase_T<2048ul, 1074049024ul, (IRQn_Type)42, 1074786432ul, 2u, (USBDM::Polarity)1>::setOutput(unsigned long)
 .text._ZN5USBDM10GpioBase_TILm2048ELm1074049024EL9IRQn_Type42ELm1074786432ELj2ELNS_8PolarityE1EE5writeEb
                0x00005652       0x22 ./Sources/display_module.o
                0x00005652                USBDM::GpioBase_T<2048ul, 1074049024ul, (IRQn_Type)42, 1074786432ul, 2u, (USBDM::Polarity)1>::write(bool)
 .text._ZN5USBDM10GpioBase_TILm2048ELm1074049024EL9IRQn_Type42ELm1074786432ELj2ELNS_8PolarityE1EE11setInactiveEv
                0x00005674        0xc ./Sources/display_module.o
                0x00005674                USBDM::GpioBase_T<2048ul, 1074049024ul, (IRQn_Type)42, 1074786432ul, 2u, (USBDM::Polarity)1>::setInactive()
 .text._ZN5USBDM10GpioBase_TILm2048ELm1074049024EL9IRQn_Type42ELm1074786432ELj2ELNS_8PolarityE1EE6setOutEv
                0x00005680       0x16 ./Sources/display_module.o
                0x00005680                USBDM::GpioBase_T<2048ul, 1074049024ul, (IRQn_Type)42, 1074786432ul, 2u, (USBDM::Polarity)1>::setOut()
 .text._ZN5USBDM5Pcr_TILm2048ELm1074049024EL9IRQn_Type42ELi2ELm256EE6setPCREm
                0x00005696       0x22 ./Sources/display_module.o
                0x00005696                USBDM::Pcr_T<2048ul, 1074049024ul, (IRQn_Type)42, 2, 256ul>::setPCR(unsigned long)
 .text._ZN5USBDM10GpioBase_TILm2048ELm1074049024EL9IRQn_Type42ELm1074786432ELj2ELNS_8PolarityE1EE9setActiveEv
                0x000056b8        0xc ./Sources/display_module.o
                0x000056b8                USBDM::GpioBase_T<2048ul, 1074049024ul, (IRQn_Type)42, 1074786432ul, 2u, (USBDM::Polarity)1>::setActive()
 .text._ZN5USBDM10GpioBase_TILm2048ELm1074049024EL9IRQn_Type42ELm1074786432ELj2ELNS_8PolarityE1EE5clearEv
                0x000056c4       0x12 ./Sources/display_module.o
                0x000056c4                USBDM::GpioBase_T<2048ul, 1074049024ul, (IRQn_Type)42, 1074786432ul, 2u, (USBDM::Polarity)1>::clear()
 *fill*         0x000056d6        0x2 
 .text._ZN5USBDM10GpioBase_TILm2048ELm1074049024EL9IRQn_Type42ELm1074786432ELj2ELNS_8PolarityE1EE4gpioEv
                0x000056d8       0x14 ./Sources/display_module.o
                0x000056d8                USBDM::GpioBase_T<2048ul, 1074049024ul, (IRQn_Type)42, 1074786432ul, 2u, (USBDM::Polarity)1>::gpio()
 .text._ZN5USBDM5Pcr_TILm2048ELm1074049024EL9IRQn_Type42ELi2ELm256EE6pcrRegEv
                0x000056ec       0x14 ./Sources/display_module.o
                0x000056ec                USBDM::Pcr_T<2048ul, 1074049024ul, (IRQn_Type)42, 2, 256ul>::pcrReg()
 .text._ZN5USBDM10GpioBase_TILm2048ELm1074049024EL9IRQn_Type42ELm1074786432ELj2ELNS_8PolarityE1EE3setEv
                0x00005700       0x12 ./Sources/display_module.o
                0x00005700                USBDM::GpioBase_T<2048ul, 1074049024ul, (IRQn_Type)42, 1074786432ul, 2u, (USBDM::Polarity)1>::set()
 .text._GLOBAL__sub_I_spi
                0x00005712       0x10 ./Sources/display_module.o
 *fill*         0x00005722        0x2 
 .text._ZN5USBDML12setErrorCodeENS_9ErrorCodeE
                0x00005724       0x20 ./Sources/jog_switch_debounce.o
 .text.NVIC_EnableIRQ
                0x00005744       0x34 ./Sources/jog_switch_debounce.o
 .text.NVIC_DisableIRQ
                0x00005778       0x34 ./Sources/jog_switch_debounce.o
 .text._ZN5USBDML16enablePortClocksEm
                0x000057ac       0x34 ./Sources/jog_switch_debounce.o
 .text._ZN5USBDM7PitInfo11enableClockEv
                0x000057e0       0x28 ./Sources/jog_switch_debounce.o
                0x000057e0                USBDM::PitInfo::enableClock()
 .text._ZN5USBDMplENS_13PitChannelNumEj
                0x00005808       0x1a ./Sources/jog_switch_debounce.o
                0x00005808                USBDM::operator+(USBDM::PitChannelNum, unsigned int)
 .text._ZN5USBDMplENS_13PitChannelNumEi
                0x00005822       0x1e ./Sources/jog_switch_debounce.o
                0x00005822                USBDM::operator+(USBDM::PitChannelNum, int)
 .text._Z9deBouncerv
                0x00005840      0x144 ./Sources/jog_switch_debounce.o
                0x00005840                deBouncer()
 .text._Z13initJogSwitchv
                0x00005984       0x70 ./Sources/jog_switch_debounce.o
                0x00005984                initJogSwitch()
 .text._Z12getJogswitchv
                0x000059f4       0x28 ./Sources/jog_switch_debounce.o
                0x000059f4                getJogswitch()
 .text._ZN5USBDM10GpioBase_TILm2048ELm1074049024EL9IRQn_Type42ELm1074786432ELj0ELNS_8PolarityE0EE4readEv
                0x00005a1c        0xe ./Sources/jog_switch_debounce.o
                0x00005a1c                USBDM::GpioBase_T<2048ul, 1074049024ul, (IRQn_Type)42, 1074786432ul, 0u, (USBDM::Polarity)0>::read()
 .text._ZN5USBDM10GpioBase_TILm2048ELm1074049024EL9IRQn_Type42ELm1074786432ELj1ELNS_8PolarityE0EE4readEv
                0x00005a2a        0xe ./Sources/jog_switch_debounce.o
                0x00005a2a                USBDM::GpioBase_T<2048ul, 1074049024ul, (IRQn_Type)42, 1074786432ul, 1u, (USBDM::Polarity)0>::read()
 .text._ZN5USBDM10GpioBase_TILm4096ELm1074053120EL9IRQn_Type43ELm1074786496ELj6ELNS_8PolarityE0EE4readEv
                0x00005a38        0xe ./Sources/jog_switch_debounce.o
                0x00005a38                USBDM::GpioBase_T<4096ul, 1074053120ul, (IRQn_Type)43, 1074786496ul, 6u, (USBDM::Polarity)0>::read()
 .text._ZN5USBDM10GpioBase_TILm4096ELm1074053120EL9IRQn_Type43ELm1074786496ELj5ELNS_8PolarityE0EE4readEv
                0x00005a46        0xe ./Sources/jog_switch_debounce.o
                0x00005a46                USBDM::GpioBase_T<4096ul, 1074053120ul, (IRQn_Type)43, 1074786496ul, 5u, (USBDM::Polarity)0>::read()
 .text._ZN5USBDM10GpioBase_TILm1024ELm1074044928EL9IRQn_Type41ELm1074786368ELj1ELNS_8PolarityE0EE4readEv
                0x00005a54        0xe ./Sources/jog_switch_debounce.o
                0x00005a54                USBDM::GpioBase_T<1024ul, 1074044928ul, (IRQn_Type)41, 1074786368ul, 1u, (USBDM::Polarity)0>::read()
 .text._ZN5USBDM10GpioBase_TILm2048ELm1074049024EL9IRQn_Type42ELm1074786432ELj0ELNS_8PolarityE0EE8setInputENS_7PinPullENS_9PinActionENS_9PinFilterE
                0x00005a62       0x2c ./Sources/jog_switch_debounce.o
                0x00005a62                USBDM::GpioBase_T<2048ul, 1074049024ul, (IRQn_Type)42, 1074786432ul, 0u, (USBDM::Polarity)0>::setInput(USBDM::PinPull, USBDM::PinAction, USBDM::PinFilter)
 .text._ZN5USBDM10GpioBase_TILm2048ELm1074049024EL9IRQn_Type42ELm1074786432ELj1ELNS_8PolarityE0EE8setInputENS_7PinPullENS_9PinActionENS_9PinFilterE
                0x00005a8e       0x2c ./Sources/jog_switch_debounce.o
                0x00005a8e                USBDM::GpioBase_T<2048ul, 1074049024ul, (IRQn_Type)42, 1074786432ul, 1u, (USBDM::Polarity)0>::setInput(USBDM::PinPull, USBDM::PinAction, USBDM::PinFilter)
 .text._ZN5USBDM10GpioBase_TILm4096ELm1074053120EL9IRQn_Type43ELm1074786496ELj6ELNS_8PolarityE0EE8setInputENS_7PinPullENS_9PinActionENS_9PinFilterE
                0x00005aba       0x2c ./Sources/jog_switch_debounce.o
                0x00005aba                USBDM::GpioBase_T<4096ul, 1074053120ul, (IRQn_Type)43, 1074786496ul, 6u, (USBDM::Polarity)0>::setInput(USBDM::PinPull, USBDM::PinAction, USBDM::PinFilter)
 .text._ZN5USBDM10GpioBase_TILm4096ELm1074053120EL9IRQn_Type43ELm1074786496ELj5ELNS_8PolarityE0EE8setInputENS_7PinPullENS_9PinActionENS_9PinFilterE
                0x00005ae6       0x2c ./Sources/jog_switch_debounce.o
                0x00005ae6                USBDM::GpioBase_T<4096ul, 1074053120ul, (IRQn_Type)43, 1074786496ul, 5u, (USBDM::Polarity)0>::setInput(USBDM::PinPull, USBDM::PinAction, USBDM::PinFilter)
 .text._ZN5USBDM10GpioBase_TILm1024ELm1074044928EL9IRQn_Type41ELm1074786368ELj1ELNS_8PolarityE0EE8setInputENS_7PinPullENS_9PinActionENS_9PinFilterE
                0x00005b12       0x2c ./Sources/jog_switch_debounce.o
                0x00005b12                USBDM::GpioBase_T<1024ul, 1074044928ul, (IRQn_Type)41, 1074786368ul, 1u, (USBDM::Polarity)0>::setInput(USBDM::PinPull, USBDM::PinAction, USBDM::PinFilter)
 *fill*         0x00005b3e        0x2 
 .text._ZN5USBDM9PitBase_TINS_7PitInfoEE9configureENS_12PitDebugModeE
                0x00005b40       0x48 ./Sources/jog_switch_debounce.o
                0x00005b40                USBDM::PitBase_T<USBDM::PitInfo>::configure(USBDM::PitDebugMode)
 .text._ZN5USBDM9PitBase_TINS_7PitInfoEE7ChannelILi1EE11setCallbackEPFvvE
                0x00005b88       0x18 ./Sources/jog_switch_debounce.o
                0x00005b88                USBDM::PitBase_T<USBDM::PitInfo>::Channel<1>::setCallback(void (*)())
 .text._ZN5USBDM9PitBase_TINS_7PitInfoEE7ChannelILi1EE20enableNvicInterruptsEv
                0x00005ba0        0xe ./Sources/jog_switch_debounce.o
                0x00005ba0                USBDM::PitBase_T<USBDM::PitInfo>::Channel<1>::enableNvicInterrupts()
 .text._ZN5USBDM9PitBase_TINS_7PitInfoEE7ChannelILi1EE21disableNvicInterruptsEv
                0x00005bae        0xe ./Sources/jog_switch_debounce.o
                0x00005bae                USBDM::PitBase_T<USBDM::PitInfo>::Channel<1>::disableNvicInterrupts()
 .text._ZN5USBDM10GpioBase_TILm2048ELm1074049024EL9IRQn_Type42ELm1074786432ELj0ELNS_8PolarityE0EE5isLowEv
                0x00005bbc       0x1e ./Sources/jog_switch_debounce.o
                0x00005bbc                USBDM::GpioBase_T<2048ul, 1074049024ul, (IRQn_Type)42, 1074786432ul, 0u, (USBDM::Polarity)0>::isLow()
 .text._ZN5USBDM10GpioBase_TILm2048ELm1074049024EL9IRQn_Type42ELm1074786432ELj1ELNS_8PolarityE0EE5isLowEv
                0x00005bda       0x1e ./Sources/jog_switch_debounce.o
                0x00005bda                USBDM::GpioBase_T<2048ul, 1074049024ul, (IRQn_Type)42, 1074786432ul, 1u, (USBDM::Polarity)0>::isLow()
 .text._ZN5USBDM10GpioBase_TILm4096ELm1074053120EL9IRQn_Type43ELm1074786496ELj6ELNS_8PolarityE0EE5isLowEv
                0x00005bf8       0x1e ./Sources/jog_switch_debounce.o
                0x00005bf8                USBDM::GpioBase_T<4096ul, 1074053120ul, (IRQn_Type)43, 1074786496ul, 6u, (USBDM::Polarity)0>::isLow()
 .text._ZN5USBDM10GpioBase_TILm4096ELm1074053120EL9IRQn_Type43ELm1074786496ELj5ELNS_8PolarityE0EE5isLowEv
                0x00005c16       0x1e ./Sources/jog_switch_debounce.o
                0x00005c16                USBDM::GpioBase_T<4096ul, 1074053120ul, (IRQn_Type)43, 1074786496ul, 5u, (USBDM::Polarity)0>::isLow()
 .text._ZN5USBDM10GpioBase_TILm1024ELm1074044928EL9IRQn_Type41ELm1074786368ELj1ELNS_8PolarityE0EE5isLowEv
                0x00005c34       0x1e ./Sources/jog_switch_debounce.o
                0x00005c34                USBDM::GpioBase_T<1024ul, 1074044928ul, (IRQn_Type)41, 1074786368ul, 1u, (USBDM::Polarity)0>::isLow()
 .text._ZN5USBDM10GpioBase_TILm2048ELm1074049024EL9IRQn_Type42ELm1074786432ELj0ELNS_8PolarityE0EE8setInputEm
                0x00005c52       0x24 ./Sources/jog_switch_debounce.o
                0x00005c52                USBDM::GpioBase_T<2048ul, 1074049024ul, (IRQn_Type)42, 1074786432ul, 0u, (USBDM::Polarity)0>::setInput(unsigned long)
 .text._ZN5USBDM10GpioBase_TILm2048ELm1074049024EL9IRQn_Type42ELm1074786432ELj1ELNS_8PolarityE0EE8setInputEm
                0x00005c76       0x24 ./Sources/jog_switch_debounce.o
                0x00005c76                USBDM::GpioBase_T<2048ul, 1074049024ul, (IRQn_Type)42, 1074786432ul, 1u, (USBDM::Polarity)0>::setInput(unsigned long)
 .text._ZN5USBDM10GpioBase_TILm4096ELm1074053120EL9IRQn_Type43ELm1074786496ELj6ELNS_8PolarityE0EE8setInputEm
                0x00005c9a       0x24 ./Sources/jog_switch_debounce.o
                0x00005c9a                USBDM::GpioBase_T<4096ul, 1074053120ul, (IRQn_Type)43, 1074786496ul, 6u, (USBDM::Polarity)0>::setInput(unsigned long)
 .text._ZN5USBDM10GpioBase_TILm4096ELm1074053120EL9IRQn_Type43ELm1074786496ELj5ELNS_8PolarityE0EE8setInputEm
                0x00005cbe       0x24 ./Sources/jog_switch_debounce.o
                0x00005cbe                USBDM::GpioBase_T<4096ul, 1074053120ul, (IRQn_Type)43, 1074786496ul, 5u, (USBDM::Polarity)0>::setInput(unsigned long)
 .text._ZN5USBDM10GpioBase_TILm1024ELm1074044928EL9IRQn_Type41ELm1074786368ELj1ELNS_8PolarityE0EE8setInputEm
                0x00005ce2       0x24 ./Sources/jog_switch_debounce.o
                0x00005ce2                USBDM::GpioBase_T<1024ul, 1074044928ul, (IRQn_Type)41, 1074786368ul, 1u, (USBDM::Polarity)0>::setInput(unsigned long)
 .text._ZN5USBDM9PitBase_TINS_7PitInfoEE6enableEv
                0x00005d06       0x10 ./Sources/jog_switch_debounce.o
                0x00005d06                USBDM::PitBase_T<USBDM::PitInfo>::enable()
 *fill*         0x00005d16        0x2 
 .text._ZN5USBDM9PitBase_TINS_7PitInfoEE14disableChannelENS_13PitChannelNumE
                0x00005d18       0x30 ./Sources/jog_switch_debounce.o
                0x00005d18                USBDM::PitBase_T<USBDM::PitInfo>::disableChannel(USBDM::PitChannelNum)
 .text._ZN5USBDM9PitBase_TINS_7PitInfoEE11setCallbackENS_13PitChannelNumEPFvvE
                0x00005d48       0x34 ./Sources/jog_switch_debounce.o
                0x00005d48                USBDM::PitBase_T<USBDM::PitInfo>::setCallback(USBDM::PitChannelNum, void (*)())
 .text._ZN5USBDM9PitBase_TINS_7PitInfoEE16configureChannelENS_13PitChannelNumEfNS_13PitChannelIrqE
                0x00005d7c       0x2a ./Sources/jog_switch_debounce.o
                0x00005d7c                USBDM::PitBase_T<USBDM::PitInfo>::configureChannel(USBDM::PitChannelNum, float, USBDM::PitChannelIrq)
 *fill*         0x00005da6        0x2 
 .text._ZN5USBDM9PitBase_TINS_7PitInfoEE20enableNvicInterruptsENS_13PitChannelNumE
                0x00005da8       0x34 ./Sources/jog_switch_debounce.o
                0x00005da8                USBDM::PitBase_T<USBDM::PitInfo>::enableNvicInterrupts(USBDM::PitChannelNum)
 .text._ZN5USBDM9PitBase_TINS_7PitInfoEE21disableNvicInterruptsENS_13PitChannelNumE
                0x00005ddc       0x34 ./Sources/jog_switch_debounce.o
                0x00005ddc                USBDM::PitBase_T<USBDM::PitInfo>::disableNvicInterrupts(USBDM::PitChannelNum)
 .text._ZN5USBDM10GpioBase_TILm2048ELm1074049024EL9IRQn_Type42ELm1074786432ELj0ELNS_8PolarityE0EE4gpioEv
                0x00005e10       0x14 ./Sources/jog_switch_debounce.o
                0x00005e10                USBDM::GpioBase_T<2048ul, 1074049024ul, (IRQn_Type)42, 1074786432ul, 0u, (USBDM::Polarity)0>::gpio()
 .text._ZN5USBDM10GpioBase_TILm2048ELm1074049024EL9IRQn_Type42ELm1074786432ELj1ELNS_8PolarityE0EE4gpioEv
                0x00005e24       0x14 ./Sources/jog_switch_debounce.o
                0x00005e24                USBDM::GpioBase_T<2048ul, 1074049024ul, (IRQn_Type)42, 1074786432ul, 1u, (USBDM::Polarity)0>::gpio()
 .text._ZN5USBDM10GpioBase_TILm4096ELm1074053120EL9IRQn_Type43ELm1074786496ELj6ELNS_8PolarityE0EE4gpioEv
                0x00005e38       0x14 ./Sources/jog_switch_debounce.o
                0x00005e38                USBDM::GpioBase_T<4096ul, 1074053120ul, (IRQn_Type)43, 1074786496ul, 6u, (USBDM::Polarity)0>::gpio()
 .text._ZN5USBDM10GpioBase_TILm4096ELm1074053120EL9IRQn_Type43ELm1074786496ELj5ELNS_8PolarityE0EE4gpioEv
                0x00005e4c       0x14 ./Sources/jog_switch_debounce.o
                0x00005e4c                USBDM::GpioBase_T<4096ul, 1074053120ul, (IRQn_Type)43, 1074786496ul, 5u, (USBDM::Polarity)0>::gpio()
 .text._ZN5USBDM10GpioBase_TILm1024ELm1074044928EL9IRQn_Type41ELm1074786368ELj1ELNS_8PolarityE0EE4gpioEv
                0x00005e60       0x14 ./Sources/jog_switch_debounce.o
                0x00005e60                USBDM::GpioBase_T<1024ul, 1074044928ul, (IRQn_Type)41, 1074786368ul, 1u, (USBDM::Polarity)0>::gpio()
 .text._ZN5USBDM10GpioBase_TILm2048ELm1074049024EL9IRQn_Type42ELm1074786432ELj0ELNS_8PolarityE0EE5setInEv
                0x00005e74       0x16 ./Sources/jog_switch_debounce.o
                0x00005e74                USBDM::GpioBase_T<2048ul, 1074049024ul, (IRQn_Type)42, 1074786432ul, 0u, (USBDM::Polarity)0>::setIn()
 .text._ZN5USBDM5Pcr_TILm2048ELm1074049024EL9IRQn_Type42ELi0ELm256EE6setPCREm
                0x00005e8a       0x22 ./Sources/jog_switch_debounce.o
                0x00005e8a                USBDM::Pcr_T<2048ul, 1074049024ul, (IRQn_Type)42, 0, 256ul>::setPCR(unsigned long)
 .text._ZN5USBDM10GpioBase_TILm2048ELm1074049024EL9IRQn_Type42ELm1074786432ELj1ELNS_8PolarityE0EE5setInEv
                0x00005eac       0x16 ./Sources/jog_switch_debounce.o
                0x00005eac                USBDM::GpioBase_T<2048ul, 1074049024ul, (IRQn_Type)42, 1074786432ul, 1u, (USBDM::Polarity)0>::setIn()
 .text._ZN5USBDM5Pcr_TILm2048ELm1074049024EL9IRQn_Type42ELi1ELm256EE6setPCREm
                0x00005ec2       0x22 ./Sources/jog_switch_debounce.o
                0x00005ec2                USBDM::Pcr_T<2048ul, 1074049024ul, (IRQn_Type)42, 1, 256ul>::setPCR(unsigned long)
 .text._ZN5USBDM10GpioBase_TILm4096ELm1074053120EL9IRQn_Type43ELm1074786496ELj6ELNS_8PolarityE0EE5setInEv
                0x00005ee4       0x16 ./Sources/jog_switch_debounce.o
                0x00005ee4                USBDM::GpioBase_T<4096ul, 1074053120ul, (IRQn_Type)43, 1074786496ul, 6u, (USBDM::Polarity)0>::setIn()
 .text._ZN5USBDM5Pcr_TILm4096ELm1074053120EL9IRQn_Type43ELi6ELm256EE6setPCREm
                0x00005efa       0x22 ./Sources/jog_switch_debounce.o
                0x00005efa                USBDM::Pcr_T<4096ul, 1074053120ul, (IRQn_Type)43, 6, 256ul>::setPCR(unsigned long)
 .text._ZN5USBDM10GpioBase_TILm4096ELm1074053120EL9IRQn_Type43ELm1074786496ELj5ELNS_8PolarityE0EE5setInEv
                0x00005f1c       0x16 ./Sources/jog_switch_debounce.o
                0x00005f1c                USBDM::GpioBase_T<4096ul, 1074053120ul, (IRQn_Type)43, 1074786496ul, 5u, (USBDM::Polarity)0>::setIn()
 .text._ZN5USBDM5Pcr_TILm4096ELm1074053120EL9IRQn_Type43ELi5ELm256EE6setPCREm
                0x00005f32       0x22 ./Sources/jog_switch_debounce.o
                0x00005f32                USBDM::Pcr_T<4096ul, 1074053120ul, (IRQn_Type)43, 5, 256ul>::setPCR(unsigned long)
 .text._ZN5USBDM10GpioBase_TILm1024ELm1074044928EL9IRQn_Type41ELm1074786368ELj1ELNS_8PolarityE0EE5setInEv
                0x00005f54       0x16 ./Sources/jog_switch_debounce.o
                0x00005f54                USBDM::GpioBase_T<1024ul, 1074044928ul, (IRQn_Type)41, 1074786368ul, 1u, (USBDM::Polarity)0>::setIn()
 .text._ZN5USBDM5Pcr_TILm1024ELm1074044928EL9IRQn_Type41ELi1ELm256EE6setPCREm
                0x00005f6a       0x22 ./Sources/jog_switch_debounce.o
                0x00005f6a                USBDM::Pcr_T<1024ul, 1074044928ul, (IRQn_Type)41, 1, 256ul>::setPCR(unsigned long)
 .text._ZN5USBDM9PitBase_TINS_7PitInfoEE23configureChannelInTicksENS_13PitChannelNumEmNS_13PitChannelIrqE
                0x00005f8c       0x74 ./Sources/jog_switch_debounce.o
                0x00005f8c                USBDM::PitBase_T<USBDM::PitInfo>::configureChannelInTicks(USBDM::PitChannelNum, unsigned long, USBDM::PitChannelIrq)
 .text._ZN5USBDM9PitBase_TINS_7PitInfoEE21convertSecondsToTicksEf
                0x00006000       0xac ./Sources/jog_switch_debounce.o
                0x00006000                USBDM::PitBase_T<USBDM::PitInfo>::convertSecondsToTicks(float)
 .text._ZN5USBDM5Pcr_TILm2048ELm1074049024EL9IRQn_Type42ELi0ELm256EE6pcrRegEv
                0x000060ac       0x14 ./Sources/jog_switch_debounce.o
                0x000060ac                USBDM::Pcr_T<2048ul, 1074049024ul, (IRQn_Type)42, 0, 256ul>::pcrReg()
 .text._ZN5USBDM5Pcr_TILm2048ELm1074049024EL9IRQn_Type42ELi1ELm256EE6pcrRegEv
                0x000060c0       0x14 ./Sources/jog_switch_debounce.o
                0x000060c0                USBDM::Pcr_T<2048ul, 1074049024ul, (IRQn_Type)42, 1, 256ul>::pcrReg()
 .text._ZN5USBDM5Pcr_TILm4096ELm1074053120EL9IRQn_Type43ELi6ELm256EE6pcrRegEv
                0x000060d4       0x14 ./Sources/jog_switch_debounce.o
                0x000060d4                USBDM::Pcr_T<4096ul, 1074053120ul, (IRQn_Type)43, 6, 256ul>::pcrReg()
 .text._ZN5USBDM5Pcr_TILm4096ELm1074053120EL9IRQn_Type43ELi5ELm256EE6pcrRegEv
                0x000060e8       0x14 ./Sources/jog_switch_debounce.o
                0x000060e8                USBDM::Pcr_T<4096ul, 1074053120ul, (IRQn_Type)43, 5, 256ul>::pcrReg()
 .text._ZN5USBDM5Pcr_TILm1024ELm1074044928EL9IRQn_Type41ELi1ELm256EE6pcrRegEv
                0x000060fc       0x14 ./Sources/jog_switch_debounce.o
                0x000060fc                USBDM::Pcr_T<1024ul, 1074044928ul, (IRQn_Type)41, 1, 256ul>::pcrReg()
 .text._ZN5USBDM3Spi16startTransactionEi
                0x00006110       0x26 ./Sources/lcd.o
                0x00006110                USBDM::Spi::startTransaction(int)
 .text._ZN5USBDM3Spi19setPeripheralSelectENS_19SpiPeripheralSelectENS_8PolarityENS_13SpiSelectModeENS_13SpiCtarSelectE
                0x00006136       0x58 ./Sources/lcd.o
                0x00006136                USBDM::Spi::setPeripheralSelect(USBDM::SpiPeripheralSelect, USBDM::Polarity, USBDM::SpiSelectMode, USBDM::SpiCtarSelect)
 .text._ZN5USBDM3Spi16getConfigurationEv
                0x0000618e       0x26 ./Sources/lcd.o
                0x0000618e                USBDM::Spi::getConfiguration()
 .text._ZN5USBDM7LcdBase4lockEv
                0x000061b4       0x12 ./Sources/lcd.o
                0x000061b4                USBDM::LcdBase::lock()
 .text._ZN5USBDM7LcdBase6unlockEv
                0x000061c6       0x12 ./Sources/lcd.o
                0x000061c6                USBDM::LcdBase::unlock()
 .text._ZN5USBDM7LcdBase11backlightOnEv
                0x000061d8       0x1e ./Sources/lcd.o
                0x000061d8                USBDM::LcdBase::backlightOn()
 .text._ZN5USBDM7LcdBase12backLightOffEv
                0x000061f6       0x1e ./Sources/lcd.o
                0x000061f6                USBDM::LcdBase::backLightOff()
 .text._ZN5USBDM7LcdBase4initEv
                0x00006214      0x130 ./Sources/lcd.o
                0x00006214                USBDM::LcdBase::init()
 .text._ZN5USBDM7LcdBase5clearEt
                0x00006344       0x94 ./Sources/lcd.o
                0x00006344                USBDM::LcdBase::clear(unsigned short)
 .text._ZN5USBDM7LcdBase5setXYEjj
                0x000063d8       0x84 ./Sources/lcd.o
                0x000063d8                USBDM::LcdBase::setXY(unsigned int, unsigned int)
 .text._ZN5USBDM7LcdBase9drawPixelEjjt
                0x0000645c       0x94 ./Sources/lcd.o
                0x0000645c                USBDM::LcdBase::drawPixel(unsigned int, unsigned int, unsigned short)
 .text._ZN5USBDM7LcdBase8drawLineEjjjjt
                0x000064f0      0x10e ./Sources/lcd.o
                0x000064f0                USBDM::LcdBase::drawLine(unsigned int, unsigned int, unsigned int, unsigned int, unsigned short)
 .text._ZN5USBDM7LcdBase8drawRectEjjjjbt
                0x000065fe      0x150 ./Sources/lcd.o
                0x000065fe                USBDM::LcdBase::drawRect(unsigned int, unsigned int, unsigned int, unsigned int, bool, unsigned short)
 .text._ZN5USBDM7LcdBase7putCharEcjjRKNS_4FontEtt
                0x0000674e      0x1b4 ./Sources/lcd.o
                0x0000674e                USBDM::LcdBase::putChar(char, unsigned int, unsigned int, USBDM::Font const&, unsigned short, unsigned short)
 .text._ZN5USBDM7LcdBase6putStrEPKcjjRKNS_4FontEtt
                0x00006902       0x52 ./Sources/lcd.o
                0x00006902                USBDM::LcdBase::putStr(char const*, unsigned int, unsigned int, USBDM::Font const&, unsigned short, unsigned short)
 .text._ZN5USBDM7LcdBase11setContrastEh
                0x00006954       0x3e ./Sources/lcd.o
                0x00006954                USBDM::LcdBase::setContrast(unsigned char)
 *fill*         0x00006992        0x2 
 .text._ZN5USBDM3Spi17calculateDividersEmm
                0x00006994       0xcc ./Sources/spi.o
                0x00006994                USBDM::Spi::calculateDividers(unsigned long, unsigned long)
 .text._ZN5USBDM3Spi14calculateDelayEffRiS1_
                0x00006a60       0xd0 ./Sources/spi.o
                0x00006a60                USBDM::Spi::calculateDelay(float, float, int&, int&)
 .text._ZN5USBDM3Spi4txRxEt
                0x00006b30       0x46 ./Sources/spi.o
                0x00006b30                USBDM::Spi::txRx(unsigned short)
 *fill*         0x00006b76        0x2 
 .text.NVIC_EnableIRQ
                0x00006b78       0x34 ./Sources/usbdmError.o
 .text.NVIC_ClearPendingIRQ
                0x00006bac       0x34 ./Sources/usbdmError.o
 .text.NVIC_SetPriority
                0x00006be0       0x58 ./Sources/usbdmError.o
 .text._ZN5USBDM15getErrorMessageENS_9ErrorCodeE
                0x00006c38       0x2c ./Sources/usbdmError.o
                0x00006c38                USBDM::getErrorMessage(USBDM::ErrorCode)
 .text._ZN5USBDM10checkErrorEv
                0x00006c64       0x50 ./Sources/usbdmError.o
                0x00006c64                USBDM::checkError()
 .text.cpp_initialise
                0x00006cb4        0xc ./Sources/usbdmError.o
                0x00006cb4                cpp_initialise
 .text._ZN5USBDM19enableNvicInterruptE9IRQn_Typem
                0x00006cc0       0x34 ./Sources/usbdmError.o
                0x00006cc0                USBDM::enableNvicInterrupt(IRQn_Type, unsigned long)
 .text.__aeabi_atexit
                0x00006cf4        0xa c:/program files (x86)/eclipse foundation/eclipse cdt/gnu tools arm embedded/8 2018-q4-major/bin/../lib/gcc/arm-none-eabi/8.2.1/../../../../arm-none-eabi/lib/thumb/v7e-m/nofp\libstdc++_nano.a(atexit_arm.o)
                0x00006cf4                __aeabi_atexit
 .text._ZdlPvj  0x00006cfe        0x4 c:/program files (x86)/eclipse foundation/eclipse cdt/gnu tools arm embedded/8 2018-q4-major/bin/../lib/gcc/arm-none-eabi/8.2.1/../../../../arm-none-eabi/lib/thumb/v7e-m/nofp\libstdc++_nano.a(del_ops.o)
                0x00006cfe                operator delete(void*, unsigned int)
 .text._ZdlPv   0x00006d02        0x4 c:/program files (x86)/eclipse foundation/eclipse cdt/gnu tools arm embedded/8 2018-q4-major/bin/../lib/gcc/arm-none-eabi/8.2.1/../../../../arm-none-eabi/lib/thumb/v7e-m/nofp\libstdc++_nano.a(del_op.o)
                0x00006d02                operator delete(void*)
 *fill*         0x00006d06        0x2 
 .text.round    0x00006d08       0x90 c:/program files (x86)/eclipse foundation/eclipse cdt/gnu tools arm embedded/8 2018-q4-major/bin/../lib/gcc/arm-none-eabi/8.2.1/../../../../arm-none-eabi/lib/thumb/v7e-m/nofp\libm.a(lib_a-s_round.o)
                0x00006d08                round
 .text.rintf    0x00006d98       0xa8 c:/program files (x86)/eclipse foundation/eclipse cdt/gnu tools arm embedded/8 2018-q4-major/bin/../lib/gcc/arm-none-eabi/8.2.1/../../../../arm-none-eabi/lib/thumb/v7e-m/nofp\libm.a(lib_a-sf_rint.o)
                0x00006d98                rintf
 .text.__cxa_atexit
                0x00006e40       0x1c c:/program files (x86)/eclipse foundation/eclipse cdt/gnu tools arm embedded/8 2018-q4-major/bin/../lib/gcc/arm-none-eabi/8.2.1/../../../../arm-none-eabi/lib/thumb/v7e-m/nofp\libg_nano.a(lib_a-cxa_atexit.o)
                0x00006e40                __cxa_atexit
 .text.exit     0x00006e5c       0x28 c:/program files (x86)/eclipse foundation/eclipse cdt/gnu tools arm embedded/8 2018-q4-major/bin/../lib/gcc/arm-none-eabi/8.2.1/../../../../arm-none-eabi/lib/thumb/v7e-m/nofp\libg_nano.a(lib_a-exit.o)
                0x00006e5c                exit
 .text.__libc_init_array
                0x00006e84       0x48 c:/program files (x86)/eclipse foundation/eclipse cdt/gnu tools arm embedded/8 2018-q4-major/bin/../lib/gcc/arm-none-eabi/8.2.1/../../../../arm-none-eabi/lib/thumb/v7e-m/nofp\libg_nano.a(lib_a-init.o)
                0x00006e84                __libc_init_array
 .text.free     0x00006ecc       0x10 c:/program files (x86)/eclipse foundation/eclipse cdt/gnu tools arm embedded/8 2018-q4-major/bin/../lib/gcc/arm-none-eabi/8.2.1/../../../../arm-none-eabi/lib/thumb/v7e-m/nofp\libg_nano.a(lib_a-malloc.o)
                0x00006ecc                free
 .text.memcpy   0x00006edc       0x1c c:/program files (x86)/eclipse foundation/eclipse cdt/gnu tools arm embedded/8 2018-q4-major/bin/../lib/gcc/arm-none-eabi/8.2.1/../../../../arm-none-eabi/lib/thumb/v7e-m/nofp\libg_nano.a(lib_a-memcpy-stub.o)
                0x00006edc                memcpy
 .text.memset   0x00006ef8       0x10 c:/program files (x86)/eclipse foundation/eclipse cdt/gnu tools arm embedded/8 2018-q4-major/bin/../lib/gcc/arm-none-eabi/8.2.1/../../../../arm-none-eabi/lib/thumb/v7e-m/nofp\libg_nano.a(lib_a-memset.o)
                0x00006ef8                memset
 .text._free_r  0x00006f08       0x9c c:/program files (x86)/eclipse foundation/eclipse cdt/gnu tools arm embedded/8 2018-q4-major/bin/../lib/gcc/arm-none-eabi/8.2.1/../../../../arm-none-eabi/lib/thumb/v7e-m/nofp\libg_nano.a(lib_a-nano-freer.o)
                0x00006f08                _free_r
 .text.__malloc_lock
                0x00006fa4        0xc c:/program files (x86)/eclipse foundation/eclipse cdt/gnu tools arm embedded/8 2018-q4-major/bin/../lib/gcc/arm-none-eabi/8.2.1/../../../../arm-none-eabi/lib/thumb/v7e-m/nofp\libg_nano.a(lib_a-mlock.o)
                0x00006fa4                __malloc_lock
 .text.__malloc_unlock
                0x00006fb0        0xc c:/program files (x86)/eclipse foundation/eclipse cdt/gnu tools arm embedded/8 2018-q4-major/bin/../lib/gcc/arm-none-eabi/8.2.1/../../../../arm-none-eabi/lib/thumb/v7e-m/nofp\libg_nano.a(lib_a-mlock.o)
                0x00006fb0                __malloc_unlock
 .text.__retarget_lock_acquire_recursive
                0x00006fbc        0x2 c:/program files (x86)/eclipse foundation/eclipse cdt/gnu tools arm embedded/8 2018-q4-major/bin/../lib/gcc/arm-none-eabi/8.2.1/../../../../arm-none-eabi/lib/thumb/v7e-m/nofp\libg_nano.a(lib_a-lock.o)
                0x00006fbc                __retarget_lock_acquire_recursive
 .text.__retarget_lock_release_recursive
                0x00006fbe        0x2 c:/program files (x86)/eclipse foundation/eclipse cdt/gnu tools arm embedded/8 2018-q4-major/bin/../lib/gcc/arm-none-eabi/8.2.1/../../../../arm-none-eabi/lib/thumb/v7e-m/nofp\libg_nano.a(lib_a-lock.o)
                0x00006fbe                __retarget_lock_release_recursive
 *(.rodata)
 .rodata        0x00006fc0      0x102 ./Startup_Code/vectors.o
 *fill*         0x000070c2        0x2 
 .rodata        0x000070c4      0x1ee ./Sources/Generator.o
 *fill*         0x000072b2        0x2 
 .rodata        0x000072b4       0x80 ./Sources/GeneratorDemo.o
 .rodata        0x00007334       0x3a ./Sources/display_module.o
 *fill*         0x0000736e        0x2 
 .rodata        0x00007370      0x2af ./Sources/jog_switch_debounce.o
 *fill*         0x0000761f        0x1 
 .rodata        0x00007620       0x3c ./Sources/lcd.o
 .rodata        0x0000765c      0x182 ./Sources/usbdmError.o
 *(.rodata*)
 *fill*         0x000077de        0x2 
 .rodata._ZTVN5USBDM11Uart_brfa_TINS_9Uart0InfoEEE
                0x000077e0       0x2c ./Startup_Code/console.o
                0x000077e0                vtable for USBDM::Uart_brfa_T<USBDM::Uart0Info>
 .rodata._ZTVN5USBDM6Uart_TINS_9Uart0InfoEEE
                0x0000780c       0x2c ./Startup_Code/console.o
                0x0000780c                vtable for USBDM::Uart_T<USBDM::Uart0Info>
 .rodata._ZTVN5USBDM4UartE
                0x00007838       0x2c ./Startup_Code/console.o
                0x00007838                vtable for USBDM::Uart
 .rodata._ZTVN5USBDM11FormattedIOE
                0x00007864       0x24 ./Startup_Code/console.o